Archive member included because of file (symbol)

e:/embedded_systems/00_imt_avr_diploma/00-tools/01-imt sdk/imt_sdk_win_64/winavr/bin/../lib/gcc/avr/4.3.3/avr5\libgcc.a(_mulsi3.o)
                              ./MATH_HELPER.o (__mulsi3)
e:/embedded_systems/00_imt_avr_diploma/00-tools/01-imt sdk/imt_sdk_win_64/winavr/bin/../lib/gcc/avr/4.3.3/avr5\libgcc.a(_udivmodsi4.o)
                              ./TIMER_program.o (__udivmodsi4)
e:/embedded_systems/00_imt_avr_diploma/00-tools/01-imt sdk/imt_sdk_win_64/winavr/bin/../lib/gcc/avr/4.3.3/avr5\libgcc.a(_divmodsi4.o)
                              ./MATH_HELPER.o (__divmodsi4)
e:/embedded_systems/00_imt_avr_diploma/00-tools/01-imt sdk/imt_sdk_win_64/winavr/bin/../lib/gcc/avr/4.3.3/avr5\libgcc.a(_exit.o)
                              e:/embedded_systems/00_imt_avr_diploma/00-tools/01-imt sdk/imt_sdk_win_64/winavr/bin/../lib/gcc/avr/4.3.3/../../../../avr/lib/avr5/crtm32.o (exit)
e:/embedded_systems/00_imt_avr_diploma/00-tools/01-imt sdk/imt_sdk_win_64/winavr/bin/../lib/gcc/avr/4.3.3/avr5\libgcc.a(_copy_data.o)
                              ./TIMER_program.o (__do_copy_data)
e:/embedded_systems/00_imt_avr_diploma/00-tools/01-imt sdk/imt_sdk_win_64/winavr/bin/../lib/gcc/avr/4.3.3/avr5\libgcc.a(_clear_bss.o)
                              ./TIMER_program.o (__do_clear_bss)

Memory Configuration

Name             Origin             Length             Attributes
text             0x00000000         0x00020000         xr
data             0x00800060         0x0000ffa0         rw !x
eeprom           0x00810000         0x00010000         rw !x
fuse             0x00820000         0x00000400         rw !x
lock             0x00830000         0x00000400         rw !x
signature        0x00840000         0x00000400         rw !x
*default*        0x00000000         0xffffffff

Linker script and memory map

LOAD e:/embedded_systems/00_imt_avr_diploma/00-tools/01-imt sdk/imt_sdk_win_64/winavr/bin/../lib/gcc/avr/4.3.3/../../../../avr/lib/avr5/crtm32.o
LOAD ./DIO_program.o
LOAD ./MATH_HELPER.o
LOAD ./PORT_program.o
LOAD ./SERVO_program.o
LOAD ./TIMER_program.o
LOAD ./main.o
LOAD e:/embedded_systems/00_imt_avr_diploma/00-tools/01-imt sdk/imt_sdk_win_64/winavr/bin/../lib/gcc/avr/4.3.3/avr5\libgcc.a
LOAD e:/embedded_systems/00_imt_avr_diploma/00-tools/01-imt sdk/imt_sdk_win_64/winavr/bin/../lib/gcc/avr/4.3.3/../../../../avr/lib/avr5\libc.a
LOAD e:/embedded_systems/00_imt_avr_diploma/00-tools/01-imt sdk/imt_sdk_win_64/winavr/bin/../lib/gcc/avr/4.3.3/avr5\libgcc.a

.hash
 *(.hash)

.dynsym
 *(.dynsym)

.dynstr
 *(.dynstr)

.gnu.version
 *(.gnu.version)

.gnu.version_d
 *(.gnu.version_d)

.gnu.version_r
 *(.gnu.version_r)

.rel.init
 *(.rel.init)

.rela.init
 *(.rela.init)

.rel.text
 *(.rel.text)
 *(.rel.text.*)
 *(.rel.gnu.linkonce.t*)

.rela.text
 *(.rela.text)
 *(.rela.text.*)
 *(.rela.gnu.linkonce.t*)

.rel.fini
 *(.rel.fini)

.rela.fini
 *(.rela.fini)

.rel.rodata
 *(.rel.rodata)
 *(.rel.rodata.*)
 *(.rel.gnu.linkonce.r*)

.rela.rodata
 *(.rela.rodata)
 *(.rela.rodata.*)
 *(.rela.gnu.linkonce.r*)

.rel.data
 *(.rel.data)
 *(.rel.data.*)
 *(.rel.gnu.linkonce.d*)

.rela.data
 *(.rela.data)
 *(.rela.data.*)
 *(.rela.gnu.linkonce.d*)

.rel.ctors
 *(.rel.ctors)

.rela.ctors
 *(.rela.ctors)

.rel.dtors
 *(.rel.dtors)

.rela.dtors
 *(.rela.dtors)

.rel.got
 *(.rel.got)

.rela.got
 *(.rela.got)

.rel.bss
 *(.rel.bss)

.rela.bss
 *(.rela.bss)

.rel.plt
 *(.rel.plt)

.rela.plt
 *(.rela.plt)

.text           0x00000000     0x1b02
 *(.vectors)
 .vectors       0x00000000       0x54 e:/embedded_systems/00_imt_avr_diploma/00-tools/01-imt sdk/imt_sdk_win_64/winavr/bin/../lib/gcc/avr/4.3.3/../../../../avr/lib/avr5/crtm32.o
                0x00000000                __vectors
                0x00000000                __vector_default
 *(.vectors)
 *(.progmem.gcc*)
 *(.progmem*)
                0x00000054                . = ALIGN (0x2)
                0x00000054                __trampolines_start = .
 *(.trampolines)
 .trampolines   0x00000054        0x0 linker stubs
 *(.trampolines*)
                0x00000054                __trampolines_end = .
 *(.jumptables)
 *(.jumptables*)
 *(.lowtext)
 *(.lowtext*)
                0x00000054                __ctors_start = .
 *(.ctors)
                0x00000054                __ctors_end = .
                0x00000054                __dtors_start = .
 *(.dtors)
                0x00000054                __dtors_end = .
 SORT(*)(.ctors)
 SORT(*)(.dtors)
 *(.init0)
 .init0         0x00000054        0x0 e:/embedded_systems/00_imt_avr_diploma/00-tools/01-imt sdk/imt_sdk_win_64/winavr/bin/../lib/gcc/avr/4.3.3/../../../../avr/lib/avr5/crtm32.o
                0x00000054                __init
 *(.init0)
 *(.init1)
 *(.init1)
 *(.init2)
 .init2         0x00000054        0xc e:/embedded_systems/00_imt_avr_diploma/00-tools/01-imt sdk/imt_sdk_win_64/winavr/bin/../lib/gcc/avr/4.3.3/../../../../avr/lib/avr5/crtm32.o
 *(.init2)
 *(.init3)
 *(.init3)
 *(.init4)
 .init4         0x00000060       0x16 e:/embedded_systems/00_imt_avr_diploma/00-tools/01-imt sdk/imt_sdk_win_64/winavr/bin/../lib/gcc/avr/4.3.3/avr5\libgcc.a(_copy_data.o)
                0x00000060                __do_copy_data
 .init4         0x00000076       0x10 e:/embedded_systems/00_imt_avr_diploma/00-tools/01-imt sdk/imt_sdk_win_64/winavr/bin/../lib/gcc/avr/4.3.3/avr5\libgcc.a(_clear_bss.o)
                0x00000076                __do_clear_bss
 *(.init4)
 *(.init5)
 *(.init5)
 *(.init6)
 *(.init6)
 *(.init7)
 *(.init7)
 *(.init8)
 *(.init8)
 *(.init9)
 .init9         0x00000086        0x8 e:/embedded_systems/00_imt_avr_diploma/00-tools/01-imt sdk/imt_sdk_win_64/winavr/bin/../lib/gcc/avr/4.3.3/../../../../avr/lib/avr5/crtm32.o
 *(.init9)
 *(.text)
 .text          0x0000008e        0x4 e:/embedded_systems/00_imt_avr_diploma/00-tools/01-imt sdk/imt_sdk_win_64/winavr/bin/../lib/gcc/avr/4.3.3/../../../../avr/lib/avr5/crtm32.o
                0x0000008e                __vector_1
                0x0000008e                __vector_12
                0x0000008e                __bad_interrupt
                0x0000008e                __vector_3
                0x0000008e                __vector_13
                0x0000008e                __vector_17
                0x0000008e                __vector_19
                0x0000008e                __vector_2
                0x0000008e                __vector_15
                0x0000008e                __vector_14
                0x0000008e                __vector_16
                0x0000008e                __vector_18
                0x0000008e                __vector_20
 .text          0x00000092        0x0 ./DIO_program.o
 .text          0x00000092        0x0 ./MATH_HELPER.o
 .text          0x00000092        0x0 ./PORT_program.o
 .text          0x00000092        0x0 ./SERVO_program.o
 .text          0x00000092        0x0 ./TIMER_program.o
 .text          0x00000092        0x0 ./main.o
 .text          0x00000092        0x0 e:/embedded_systems/00_imt_avr_diploma/00-tools/01-imt sdk/imt_sdk_win_64/winavr/bin/../lib/gcc/avr/4.3.3/avr5\libgcc.a(_mulsi3.o)
 .text          0x00000092        0x0 e:/embedded_systems/00_imt_avr_diploma/00-tools/01-imt sdk/imt_sdk_win_64/winavr/bin/../lib/gcc/avr/4.3.3/avr5\libgcc.a(_udivmodsi4.o)
 .text          0x00000092        0x0 e:/embedded_systems/00_imt_avr_diploma/00-tools/01-imt sdk/imt_sdk_win_64/winavr/bin/../lib/gcc/avr/4.3.3/avr5\libgcc.a(_divmodsi4.o)
 .text          0x00000092        0x0 e:/embedded_systems/00_imt_avr_diploma/00-tools/01-imt sdk/imt_sdk_win_64/winavr/bin/../lib/gcc/avr/4.3.3/avr5\libgcc.a(_exit.o)
 .text          0x00000092        0x0 e:/embedded_systems/00_imt_avr_diploma/00-tools/01-imt sdk/imt_sdk_win_64/winavr/bin/../lib/gcc/avr/4.3.3/avr5\libgcc.a(_copy_data.o)
 .text          0x00000092        0x0 e:/embedded_systems/00_imt_avr_diploma/00-tools/01-imt sdk/imt_sdk_win_64/winavr/bin/../lib/gcc/avr/4.3.3/avr5\libgcc.a(_clear_bss.o)
                0x00000092                . = ALIGN (0x2)
 *(.text.*)
 .text.DIO_u8SetPinValue
                0x00000092      0x224 ./DIO_program.o
                0x00000092                DIO_u8SetPinValue
 .text.DIO_u8SetPortValue
                0x000002b6       0x90 ./DIO_program.o
                0x000002b6                DIO_u8SetPortValue
 .text.DIO_u8GetPinValue
                0x00000346      0x130 ./DIO_program.o
                0x00000346                DIO_u8GetPinValue
 .text.DIO_u8GetPortValue
                0x00000476       0xa4 ./DIO_program.o
                0x00000476                DIO_u8GetPortValue
 .text.MATH_u32Power
                0x0000051a       0xb0 ./MATH_HELPER.o
                0x0000051a                MATH_u32Power
 .text.MATH_s32Map
                0x000005ca       0xf2 ./MATH_HELPER.o
                0x000005ca                MATH_s32Map
 .text.PORT_voidInit
                0x000006bc       0x48 ./PORT_program.o
                0x000006bc                PORT_voidInit
 .text.SERVO_u8Rotate
                0x00000704       0xd8 ./SERVO_program.o
                0x00000704                SERVO_u8Rotate
 .text.TIMER_u8SetCompMatch
                0x000007dc       0xc0 ./TIMER_program.o
                0x000007dc                TIMER_u8SetCompMatch
 .text.TIMER_u8SetPreload
                0x0000089c       0xc0 ./TIMER_program.o
                0x0000089c                TIMER_u8SetPreload
 .text.TIMER0_u8Init
                0x0000095c      0x19a ./TIMER_program.o
                0x0000095c                TIMER0_u8Init
 .text.TIMER1_u8Init
                0x00000af6      0x592 ./TIMER_program.o
                0x00000af6                TIMER1_u8Init
 .text.TIMER1_voidSetTopValue
                0x00001088       0x24 ./TIMER_program.o
                0x00001088                TIMER1_voidSetTopValue
 .text.TIMER_u8PWMGenerate
                0x000010ac      0x164 ./TIMER_program.o
                0x000010ac                TIMER_u8PWMGenerate
 .text.TIMER2_u8Init
                0x00001210      0x19a ./TIMER_program.o
                0x00001210                TIMER2_u8Init
 .text.TIMER2_delay_ms
                0x000013aa      0x14c ./TIMER_program.o
                0x000013aa                TIMER2_delay_ms
 .text.TIMER_u8SetCallBack
                0x000014f6      0x118 ./TIMER_program.o
                0x000014f6                TIMER_u8SetCallBack
 .text.__vector_4
                0x0000160e       0x66 ./TIMER_program.o
                0x0000160e                __vector_4
 .text.__vector_5
                0x00001674       0x66 ./TIMER_program.o
                0x00001674                __vector_5
 .text.__vector_6
                0x000016da       0x66 ./TIMER_program.o
                0x000016da                __vector_6
 .text.__vector_7
                0x00001740       0x66 ./TIMER_program.o
                0x00001740                __vector_7
 .text.__vector_8
                0x000017a6       0x66 ./TIMER_program.o
                0x000017a6                __vector_8
 .text.__vector_9
                0x0000180c       0x66 ./TIMER_program.o
                0x0000180c                __vector_9
 .text.__vector_10
                0x00001872       0x66 ./TIMER_program.o
                0x00001872                __vector_10
 .text.__vector_11
                0x000018d8       0x66 ./TIMER_program.o
                0x000018d8                __vector_11
 .text.main     0x0000193e      0x108 ./main.o
                0x0000193e                main
 .text.libgcc   0x00001a46       0x3e e:/embedded_systems/00_imt_avr_diploma/00-tools/01-imt sdk/imt_sdk_win_64/winavr/bin/../lib/gcc/avr/4.3.3/avr5\libgcc.a(_mulsi3.o)
                0x00001a46                __mulsi3
 .text.libgcc   0x00001a84       0x44 e:/embedded_systems/00_imt_avr_diploma/00-tools/01-imt sdk/imt_sdk_win_64/winavr/bin/../lib/gcc/avr/4.3.3/avr5\libgcc.a(_udivmodsi4.o)
                0x00001a84                __udivmodsi4
 .text.libgcc   0x00001ac8       0x36 e:/embedded_systems/00_imt_avr_diploma/00-tools/01-imt sdk/imt_sdk_win_64/winavr/bin/../lib/gcc/avr/4.3.3/avr5\libgcc.a(_divmodsi4.o)
                0x00001ac8                __divmodsi4
 .text.libgcc   0x00001afe        0x0 e:/embedded_systems/00_imt_avr_diploma/00-tools/01-imt sdk/imt_sdk_win_64/winavr/bin/../lib/gcc/avr/4.3.3/avr5\libgcc.a(_exit.o)
 .text.libgcc   0x00001afe        0x0 e:/embedded_systems/00_imt_avr_diploma/00-tools/01-imt sdk/imt_sdk_win_64/winavr/bin/../lib/gcc/avr/4.3.3/avr5\libgcc.a(_copy_data.o)
 .text.libgcc   0x00001afe        0x0 e:/embedded_systems/00_imt_avr_diploma/00-tools/01-imt sdk/imt_sdk_win_64/winavr/bin/../lib/gcc/avr/4.3.3/avr5\libgcc.a(_clear_bss.o)
                0x00001afe                . = ALIGN (0x2)
 *(.fini9)
 .fini9         0x00001afe        0x0 e:/embedded_systems/00_imt_avr_diploma/00-tools/01-imt sdk/imt_sdk_win_64/winavr/bin/../lib/gcc/avr/4.3.3/avr5\libgcc.a(_exit.o)
                0x00001afe                exit
                0x00001afe                _exit
 *(.fini9)
 *(.fini8)
 *(.fini8)
 *(.fini7)
 *(.fini7)
 *(.fini6)
 *(.fini6)
 *(.fini5)
 *(.fini5)
 *(.fini4)
 *(.fini4)
 *(.fini3)
 *(.fini3)
 *(.fini2)
 *(.fini2)
 *(.fini1)
 *(.fini1)
 *(.fini0)
 .fini0         0x00001afe        0x4 e:/embedded_systems/00_imt_avr_diploma/00-tools/01-imt sdk/imt_sdk_win_64/winavr/bin/../lib/gcc/avr/4.3.3/avr5\libgcc.a(_exit.o)
 *(.fini0)
                0x00001b02                _etext = .

.data           0x00800060       0x12 load address 0x00001b02
                0x00800060                PROVIDE (__data_start, .)
 *(.data)
 .data          0x00800060        0x0 e:/embedded_systems/00_imt_avr_diploma/00-tools/01-imt sdk/imt_sdk_win_64/winavr/bin/../lib/gcc/avr/4.3.3/../../../../avr/lib/avr5/crtm32.o
 .data          0x00800060        0x0 ./DIO_program.o
 .data          0x00800060        0x0 ./MATH_HELPER.o
 .data          0x00800060        0x0 ./PORT_program.o
 .data          0x00800060        0x0 ./SERVO_program.o
 .data          0x00800060        0x0 ./TIMER_program.o
 .data          0x00800060        0x0 ./main.o
 .data          0x00800060        0x0 e:/embedded_systems/00_imt_avr_diploma/00-tools/01-imt sdk/imt_sdk_win_64/winavr/bin/../lib/gcc/avr/4.3.3/avr5\libgcc.a(_mulsi3.o)
 .data          0x00800060        0x0 e:/embedded_systems/00_imt_avr_diploma/00-tools/01-imt sdk/imt_sdk_win_64/winavr/bin/../lib/gcc/avr/4.3.3/avr5\libgcc.a(_udivmodsi4.o)
 .data          0x00800060        0x0 e:/embedded_systems/00_imt_avr_diploma/00-tools/01-imt sdk/imt_sdk_win_64/winavr/bin/../lib/gcc/avr/4.3.3/avr5\libgcc.a(_divmodsi4.o)
 .data          0x00800060        0x0 e:/embedded_systems/00_imt_avr_diploma/00-tools/01-imt sdk/imt_sdk_win_64/winavr/bin/../lib/gcc/avr/4.3.3/avr5\libgcc.a(_exit.o)
 .data          0x00800060        0x0 e:/embedded_systems/00_imt_avr_diploma/00-tools/01-imt sdk/imt_sdk_win_64/winavr/bin/../lib/gcc/avr/4.3.3/avr5\libgcc.a(_copy_data.o)
 .data          0x00800060        0x0 e:/embedded_systems/00_imt_avr_diploma/00-tools/01-imt sdk/imt_sdk_win_64/winavr/bin/../lib/gcc/avr/4.3.3/avr5\libgcc.a(_clear_bss.o)
 *(.data*)
 *(.rodata)
 *(.rodata*)
 .rodata.C.0.1993
                0x00800060        0x5 ./TIMER_program.o
 .rodata.C.1.1273
                0x00800065        0x5 ./main.o
 .rodata.C.0.1272
                0x0080006a        0x8 ./main.o
 *(.gnu.linkonce.d*)
                0x00800072                . = ALIGN (0x2)
                0x00800072                _edata = .
                0x00800072                PROVIDE (__data_end, .)

.bss            0x00800072       0x10
                0x00800072                PROVIDE (__bss_start, .)
 *(.bss)
 .bss           0x00800072        0x0 e:/embedded_systems/00_imt_avr_diploma/00-tools/01-imt sdk/imt_sdk_win_64/winavr/bin/../lib/gcc/avr/4.3.3/../../../../avr/lib/avr5/crtm32.o
 .bss           0x00800072        0x0 ./DIO_program.o
 .bss           0x00800072        0x0 ./MATH_HELPER.o
 .bss           0x00800072        0x0 ./PORT_program.o
 .bss           0x00800072        0x0 ./SERVO_program.o
 .bss           0x00800072        0x0 ./TIMER_program.o
 .bss           0x00800072        0x0 ./main.o
 .bss           0x00800072        0x0 e:/embedded_systems/00_imt_avr_diploma/00-tools/01-imt sdk/imt_sdk_win_64/winavr/bin/../lib/gcc/avr/4.3.3/avr5\libgcc.a(_mulsi3.o)
 .bss           0x00800072        0x0 e:/embedded_systems/00_imt_avr_diploma/00-tools/01-imt sdk/imt_sdk_win_64/winavr/bin/../lib/gcc/avr/4.3.3/avr5\libgcc.a(_udivmodsi4.o)
 .bss           0x00800072        0x0 e:/embedded_systems/00_imt_avr_diploma/00-tools/01-imt sdk/imt_sdk_win_64/winavr/bin/../lib/gcc/avr/4.3.3/avr5\libgcc.a(_divmodsi4.o)
 .bss           0x00800072        0x0 e:/embedded_systems/00_imt_avr_diploma/00-tools/01-imt sdk/imt_sdk_win_64/winavr/bin/../lib/gcc/avr/4.3.3/avr5\libgcc.a(_exit.o)
 .bss           0x00800072        0x0 e:/embedded_systems/00_imt_avr_diploma/00-tools/01-imt sdk/imt_sdk_win_64/winavr/bin/../lib/gcc/avr/4.3.3/avr5\libgcc.a(_copy_data.o)
 .bss           0x00800072        0x0 e:/embedded_systems/00_imt_avr_diploma/00-tools/01-imt sdk/imt_sdk_win_64/winavr/bin/../lib/gcc/avr/4.3.3/avr5\libgcc.a(_clear_bss.o)
 *(.bss*)
 .bss.TIMER0_pvOVFCallBackFunc
                0x00800072        0x2 ./TIMER_program.o
 .bss.TIMER0_pvCOMPCallBackFunc
                0x00800074        0x2 ./TIMER_program.o
 .bss.TIMER1_pvOVFCallBackFunc
                0x00800076        0x2 ./TIMER_program.o
 .bss.TIMER1_pvCAPTCallBackFunc
                0x00800078        0x2 ./TIMER_program.o
 .bss.TIMER1A_pvCOMPCallBackFunc
                0x0080007a        0x2 ./TIMER_program.o
 .bss.TIMER1B_pvCOMPCallBackFunc
                0x0080007c        0x2 ./TIMER_program.o
 .bss.TIMER2_pvOVFCallBackFunc
                0x0080007e        0x2 ./TIMER_program.o
 .bss.TIMER2_pvCOMPCallBackFunc
                0x00800080        0x2 ./TIMER_program.o
 *(COMMON)
                0x00800082                PROVIDE (__bss_end, .)
                0x00001b02                __data_load_start = LOADADDR (.data)
                0x00001b14                __data_load_end = (__data_load_start + SIZEOF (.data))

.noinit         0x00800082        0x0
                0x00800082                PROVIDE (__noinit_start, .)
 *(.noinit*)
                0x00800082                PROVIDE (__noinit_end, .)
                0x00800082                _end = .
                0x00800082                PROVIDE (__heap_start, .)

.eeprom         0x00810000        0x0
 *(.eeprom*)
                0x00810000                __eeprom_end = .

.fuse
 *(.fuse)
 *(.lfuse)
 *(.hfuse)
 *(.efuse)

.lock
 *(.lock*)

.signature
 *(.signature*)

.stab           0x00000000     0x1e84
 *(.stab)
 .stab          0x00000000      0x51c ./DIO_program.o
 .stab          0x0000051c      0x240 ./MATH_HELPER.o
                                0x2c4 (size before relaxing)
 .stab          0x0000075c      0x168 ./PORT_program.o
                                0x1ec (size before relaxing)
 .stab          0x000008c4      0x1f8 ./SERVO_program.o
                                0x27c (size before relaxing)
 .stab          0x00000abc     0x11ac ./TIMER_program.o
                               0x126c (size before relaxing)
 .stab          0x00001c68      0x21c ./main.o
                                0x2dc (size before relaxing)

.stabstr        0x00000000      0xbd2
 *(.stabstr)
 .stabstr       0x00000000      0xbd2 ./DIO_program.o

.stab.excl
 *(.stab.excl)

.stab.exclstr
 *(.stab.exclstr)

.stab.index
 *(.stab.index)

.stab.indexstr
 *(.stab.indexstr)

.comment
 *(.comment)

.debug
 *(.debug)

.line
 *(.line)

.debug_srcinfo
 *(.debug_srcinfo)

.debug_sfnames
 *(.debug_sfnames)

.debug_aranges
 *(.debug_aranges)

.debug_pubnames
 *(.debug_pubnames)

.debug_info
 *(.debug_info)
 *(.gnu.linkonce.wi.*)

.debug_abbrev
 *(.debug_abbrev)

.debug_line
 *(.debug_line)

.debug_frame
 *(.debug_frame)

.debug_str
 *(.debug_str)

.debug_loc
 *(.debug_loc)

.debug_macinfo
 *(.debug_macinfo)
OUTPUT(TIMER_POST_BUILD.elf elf32-avr)
LOAD linker stubs
