Archive member included because of file (symbol)

e:/embedded_systems/00_imt_avr_diploma/00-tools/01-imt sdk/imt_sdk_win_64/winavr/bin/../lib/gcc/avr/4.3.3/avr5\libgcc.a(_mulsi3.o)
                              ./MATH_HELPER.o (__mulsi3)
e:/embedded_systems/00_imt_avr_diploma/00-tools/01-imt sdk/imt_sdk_win_64/winavr/bin/../lib/gcc/avr/4.3.3/avr5\libgcc.a(_divmodsi4.o)
                              ./MATH_HELPER.o (__divmodsi4)
e:/embedded_systems/00_imt_avr_diploma/00-tools/01-imt sdk/imt_sdk_win_64/winavr/bin/../lib/gcc/avr/4.3.3/avr5\libgcc.a(_exit.o)
                              e:/embedded_systems/00_imt_avr_diploma/00-tools/01-imt sdk/imt_sdk_win_64/winavr/bin/../lib/gcc/avr/4.3.3/../../../../avr/lib/avr5/crtm32.o (exit)
e:/embedded_systems/00_imt_avr_diploma/00-tools/01-imt sdk/imt_sdk_win_64/winavr/bin/../lib/gcc/avr/4.3.3/avr5\libgcc.a(_copy_data.o)
                              ./KPD_program.o (__do_copy_data)
e:/embedded_systems/00_imt_avr_diploma/00-tools/01-imt sdk/imt_sdk_win_64/winavr/bin/../lib/gcc/avr/4.3.3/avr5\libgcc.a(_clear_bss.o)
                              ./ADC_program.o (__do_clear_bss)
e:/embedded_systems/00_imt_avr_diploma/00-tools/01-imt sdk/imt_sdk_win_64/winavr/bin/../lib/gcc/avr/4.3.3/avr5\libgcc.a(_udivmodsi4.o)
                              e:/embedded_systems/00_imt_avr_diploma/00-tools/01-imt sdk/imt_sdk_win_64/winavr/bin/../lib/gcc/avr/4.3.3/avr5\libgcc.a(_divmodsi4.o) (__udivmodsi4)

Memory Configuration

Name             Origin             Length             Attributes
text             0x00000000         0x00020000         xr
data             0x00800060         0x0000ffa0         rw !x
eeprom           0x00810000         0x00010000         rw !x
fuse             0x00820000         0x00000400         rw !x
lock             0x00830000         0x00000400         rw !x
signature        0x00840000         0x00000400         rw !x
*default*        0x00000000         0xffffffff

Linker script and memory map

LOAD e:/embedded_systems/00_imt_avr_diploma/00-tools/01-imt sdk/imt_sdk_win_64/winavr/bin/../lib/gcc/avr/4.3.3/../../../../avr/lib/avr5/crtm32.o
LOAD ./ADC_program.o
LOAD ./DIO_program.o
LOAD ./KPD_program.o
LOAD ./MATH_HELPER.o
LOAD ./PORT_program.o
LOAD ./TIMER_program.o
LOAD ./main.o
LOAD e:/embedded_systems/00_imt_avr_diploma/00-tools/01-imt sdk/imt_sdk_win_64/winavr/bin/../lib/gcc/avr/4.3.3/avr5\libgcc.a
LOAD e:/embedded_systems/00_imt_avr_diploma/00-tools/01-imt sdk/imt_sdk_win_64/winavr/bin/../lib/gcc/avr/4.3.3/../../../../avr/lib/avr5\libc.a
LOAD e:/embedded_systems/00_imt_avr_diploma/00-tools/01-imt sdk/imt_sdk_win_64/winavr/bin/../lib/gcc/avr/4.3.3/avr5\libgcc.a

.hash
 *(.hash)

.dynsym
 *(.dynsym)

.dynstr
 *(.dynstr)

.gnu.version
 *(.gnu.version)

.gnu.version_d
 *(.gnu.version_d)

.gnu.version_r
 *(.gnu.version_r)

.rel.init
 *(.rel.init)

.rela.init
 *(.rela.init)

.rel.text
 *(.rel.text)
 *(.rel.text.*)
 *(.rel.gnu.linkonce.t*)

.rela.text
 *(.rela.text)
 *(.rela.text.*)
 *(.rela.gnu.linkonce.t*)

.rel.fini
 *(.rel.fini)

.rela.fini
 *(.rela.fini)

.rel.rodata
 *(.rel.rodata)
 *(.rel.rodata.*)
 *(.rel.gnu.linkonce.r*)

.rela.rodata
 *(.rela.rodata)
 *(.rela.rodata.*)
 *(.rela.gnu.linkonce.r*)

.rel.data
 *(.rel.data)
 *(.rel.data.*)
 *(.rel.gnu.linkonce.d*)

.rela.data
 *(.rela.data)
 *(.rela.data.*)
 *(.rela.gnu.linkonce.d*)

.rel.ctors
 *(.rel.ctors)

.rela.ctors
 *(.rela.ctors)

.rel.dtors
 *(.rel.dtors)

.rela.dtors
 *(.rela.dtors)

.rel.got
 *(.rel.got)

.rela.got
 *(.rela.got)

.rel.bss
 *(.rel.bss)

.rela.bss
 *(.rela.bss)

.rel.plt
 *(.rel.plt)

.rela.plt
 *(.rela.plt)

.text           0x00000000     0x1340
 *(.vectors)
 .vectors       0x00000000       0x54 e:/embedded_systems/00_imt_avr_diploma/00-tools/01-imt sdk/imt_sdk_win_64/winavr/bin/../lib/gcc/avr/4.3.3/../../../../avr/lib/avr5/crtm32.o
                0x00000000                __vectors
                0x00000000                __vector_default
 *(.vectors)
 *(.progmem.gcc*)
 *(.progmem*)
                0x00000054                . = ALIGN (0x2)
                0x00000054                __trampolines_start = .
 *(.trampolines)
 .trampolines   0x00000054        0x0 linker stubs
 *(.trampolines*)
                0x00000054                __trampolines_end = .
 *(.jumptables)
 *(.jumptables*)
 *(.lowtext)
 *(.lowtext*)
                0x00000054                __ctors_start = .
 *(.ctors)
                0x00000054                __ctors_end = .
                0x00000054                __dtors_start = .
 *(.dtors)
                0x00000054                __dtors_end = .
 SORT(*)(.ctors)
 SORT(*)(.dtors)
 *(.init0)
 .init0         0x00000054        0x0 e:/embedded_systems/00_imt_avr_diploma/00-tools/01-imt sdk/imt_sdk_win_64/winavr/bin/../lib/gcc/avr/4.3.3/../../../../avr/lib/avr5/crtm32.o
                0x00000054                __init
 *(.init0)
 *(.init1)
 *(.init1)
 *(.init2)
 .init2         0x00000054        0xc e:/embedded_systems/00_imt_avr_diploma/00-tools/01-imt sdk/imt_sdk_win_64/winavr/bin/../lib/gcc/avr/4.3.3/../../../../avr/lib/avr5/crtm32.o
 *(.init2)
 *(.init3)
 *(.init3)
 *(.init4)
 .init4         0x00000060       0x16 e:/embedded_systems/00_imt_avr_diploma/00-tools/01-imt sdk/imt_sdk_win_64/winavr/bin/../lib/gcc/avr/4.3.3/avr5\libgcc.a(_copy_data.o)
                0x00000060                __do_copy_data
 .init4         0x00000076       0x10 e:/embedded_systems/00_imt_avr_diploma/00-tools/01-imt sdk/imt_sdk_win_64/winavr/bin/../lib/gcc/avr/4.3.3/avr5\libgcc.a(_clear_bss.o)
                0x00000076                __do_clear_bss
 *(.init4)
 *(.init5)
 *(.init5)
 *(.init6)
 *(.init6)
 *(.init7)
 *(.init7)
 *(.init8)
 *(.init8)
 *(.init9)
 .init9         0x00000086        0x8 e:/embedded_systems/00_imt_avr_diploma/00-tools/01-imt sdk/imt_sdk_win_64/winavr/bin/../lib/gcc/avr/4.3.3/../../../../avr/lib/avr5/crtm32.o
 *(.init9)
 *(.text)
 .text          0x0000008e        0x4 e:/embedded_systems/00_imt_avr_diploma/00-tools/01-imt sdk/imt_sdk_win_64/winavr/bin/../lib/gcc/avr/4.3.3/../../../../avr/lib/avr5/crtm32.o
                0x0000008e                __vector_1
                0x0000008e                __vector_12
                0x0000008e                __bad_interrupt
                0x0000008e                __vector_3
                0x0000008e                __vector_13
                0x0000008e                __vector_17
                0x0000008e                __vector_19
                0x0000008e                __vector_2
                0x0000008e                __vector_15
                0x0000008e                __vector_14
                0x0000008e                __vector_18
                0x0000008e                __vector_20
 .text          0x00000092        0x0 ./ADC_program.o
 .text          0x00000092        0x0 ./DIO_program.o
 .text          0x00000092        0x0 ./KPD_program.o
 .text          0x00000092        0x0 ./MATH_HELPER.o
 .text          0x00000092        0x0 ./PORT_program.o
 .text          0x00000092        0x0 ./TIMER_program.o
 .text          0x00000092        0x0 ./main.o
 .text          0x00000092        0x0 e:/embedded_systems/00_imt_avr_diploma/00-tools/01-imt sdk/imt_sdk_win_64/winavr/bin/../lib/gcc/avr/4.3.3/avr5\libgcc.a(_mulsi3.o)
 .text          0x00000092        0x0 e:/embedded_systems/00_imt_avr_diploma/00-tools/01-imt sdk/imt_sdk_win_64/winavr/bin/../lib/gcc/avr/4.3.3/avr5\libgcc.a(_divmodsi4.o)
 .text          0x00000092        0x0 e:/embedded_systems/00_imt_avr_diploma/00-tools/01-imt sdk/imt_sdk_win_64/winavr/bin/../lib/gcc/avr/4.3.3/avr5\libgcc.a(_exit.o)
 .text          0x00000092        0x0 e:/embedded_systems/00_imt_avr_diploma/00-tools/01-imt sdk/imt_sdk_win_64/winavr/bin/../lib/gcc/avr/4.3.3/avr5\libgcc.a(_copy_data.o)
 .text          0x00000092        0x0 e:/embedded_systems/00_imt_avr_diploma/00-tools/01-imt sdk/imt_sdk_win_64/winavr/bin/../lib/gcc/avr/4.3.3/avr5\libgcc.a(_clear_bss.o)
 .text          0x00000092        0x0 e:/embedded_systems/00_imt_avr_diploma/00-tools/01-imt sdk/imt_sdk_win_64/winavr/bin/../lib/gcc/avr/4.3.3/avr5\libgcc.a(_udivmodsi4.o)
                0x00000092                . = ALIGN (0x2)
 *(.text.*)
 .text.ADC_voidInit
                0x00000092       0x7e ./ADC_program.o
                0x00000092                ADC_voidInit
 .text.ADC_u8StartConversionSynch
                0x00000110      0x10e ./ADC_program.o
                0x00000110                ADC_u8StartConversionSynch
 .text.ADC_u8StartConversionAsynch
                0x0000021e       0xae ./ADC_program.o
                0x0000021e                ADC_u8StartConversionAsynch
 .text.ADC_u8StartChainConversion
                0x000002cc       0xa4 ./ADC_program.o
                0x000002cc                ADC_u8StartChainConversion
 .text.__vector_16
                0x00000370      0x13e ./ADC_program.o
                0x00000370                __vector_16
 .text.DIO_u8SetPinValue
                0x000004ae      0x224 ./DIO_program.o
                0x000004ae                DIO_u8SetPinValue
 .text.DIO_u8SetPortValue
                0x000006d2       0x90 ./DIO_program.o
                0x000006d2                DIO_u8SetPortValue
 .text.DIO_u8GetPinValue
                0x00000762      0x130 ./DIO_program.o
                0x00000762                DIO_u8GetPinValue
 .text.DIO_u8GetPortValue
                0x00000892       0xa4 ./DIO_program.o
                0x00000892                DIO_u8GetPortValue
 .text.KPD_u8GetPressedKey
                0x00000936       0xf0 ./KPD_program.o
                0x00000936                KPD_u8GetPressedKey
 .text.MATH_u32Power
                0x00000a26       0xb0 ./MATH_HELPER.o
                0x00000a26                MATH_u32Power
 .text.MATH_s32Map
                0x00000ad6       0xf2 ./MATH_HELPER.o
                0x00000ad6                MATH_s32Map
 .text.PORT_voidInit
                0x00000bc8       0x44 ./PORT_program.o
                0x00000bc8                PORT_voidInit
 .text.TIMER0_voidInit
                0x00000c0c       0x7e ./TIMER_program.o
                0x00000c0c                TIMER0_voidInit
 .text.TIMER0_voidSetCompMatchValue
                0x00000c8a       0x1c ./TIMER_program.o
                0x00000c8a                TIMER0_voidSetCompMatchValue
 .text.TIMER0_voidSetPreloadValue
                0x00000ca6       0x1c ./TIMER_program.o
                0x00000ca6                TIMER0_voidSetPreloadValue
 .text.TIMER0_u8SetCallBack
                0x00000cc2       0x3a ./TIMER_program.o
                0x00000cc2                TIMER0_u8SetCallBack
 .text.TIMER0_voidPWMGenerate
                0x00000cfc       0x60 ./TIMER_program.o
                0x00000cfc                TIMER0_voidPWMGenerate
 .text.TIMER1_voidInit
                0x00000d5c       0xb6 ./TIMER_program.o
                0x00000d5c                TIMER1_voidInit
 .text.TIMER1A_voidSetCompMatchValue
                0x00000e12       0x24 ./TIMER_program.o
                0x00000e12                TIMER1A_voidSetCompMatchValue
 .text.TIMER1B_voidSetCompMatchValue
                0x00000e36       0x24 ./TIMER_program.o
                0x00000e36                TIMER1B_voidSetCompMatchValue
 .text.TIMER1_voidSetTopValue
                0x00000e5a       0x24 ./TIMER_program.o
                0x00000e5a                TIMER1_voidSetTopValue
 .text.TIMER2_voidInit
                0x00000e7e       0x7c ./TIMER_program.o
                0x00000e7e                TIMER2_voidInit
 .text.TIMER2_voidSetCompMatchValue
                0x00000efa       0x1c ./TIMER_program.o
                0x00000efa                TIMER2_voidSetCompMatchValue
 .text.TIMER2_voidSetPreloadValue
                0x00000f16       0x1c ./TIMER_program.o
                0x00000f16                TIMER2_voidSetPreloadValue
 .text.TIMER2_u8SetCallBack
                0x00000f32       0x3a ./TIMER_program.o
                0x00000f32                TIMER2_u8SetCallBack
 .text.__vector_4
                0x00000f6c       0x66 ./TIMER_program.o
                0x00000f6c                __vector_4
 .text.__vector_5
                0x00000fd2       0x20 ./TIMER_program.o
                0x00000fd2                __vector_5
 .text.__vector_6
                0x00000ff2       0x20 ./TIMER_program.o
                0x00000ff2                __vector_6
 .text.__vector_7
                0x00001012       0x20 ./TIMER_program.o
                0x00001012                __vector_7
 .text.__vector_8
                0x00001032       0x20 ./TIMER_program.o
                0x00001032                __vector_8
 .text.__vector_9
                0x00001052       0x20 ./TIMER_program.o
                0x00001052                __vector_9
 .text.__vector_10
                0x00001072       0x66 ./TIMER_program.o
                0x00001072                __vector_10
 .text.__vector_11
                0x000010d8       0x20 ./TIMER_program.o
                0x000010d8                __vector_11
 .text.main     0x000010f8      0x18c ./main.o
                0x000010f8                main
 .text.libgcc   0x00001284       0x3e e:/embedded_systems/00_imt_avr_diploma/00-tools/01-imt sdk/imt_sdk_win_64/winavr/bin/../lib/gcc/avr/4.3.3/avr5\libgcc.a(_mulsi3.o)
                0x00001284                __mulsi3
 .text.libgcc   0x000012c2       0x36 e:/embedded_systems/00_imt_avr_diploma/00-tools/01-imt sdk/imt_sdk_win_64/winavr/bin/../lib/gcc/avr/4.3.3/avr5\libgcc.a(_divmodsi4.o)
                0x000012c2                __divmodsi4
 .text.libgcc   0x000012f8        0x0 e:/embedded_systems/00_imt_avr_diploma/00-tools/01-imt sdk/imt_sdk_win_64/winavr/bin/../lib/gcc/avr/4.3.3/avr5\libgcc.a(_exit.o)
 .text.libgcc   0x000012f8        0x0 e:/embedded_systems/00_imt_avr_diploma/00-tools/01-imt sdk/imt_sdk_win_64/winavr/bin/../lib/gcc/avr/4.3.3/avr5\libgcc.a(_copy_data.o)
 .text.libgcc   0x000012f8        0x0 e:/embedded_systems/00_imt_avr_diploma/00-tools/01-imt sdk/imt_sdk_win_64/winavr/bin/../lib/gcc/avr/4.3.3/avr5\libgcc.a(_clear_bss.o)
 .text.libgcc   0x000012f8       0x44 e:/embedded_systems/00_imt_avr_diploma/00-tools/01-imt sdk/imt_sdk_win_64/winavr/bin/../lib/gcc/avr/4.3.3/avr5\libgcc.a(_udivmodsi4.o)
                0x000012f8                __udivmodsi4
                0x0000133c                . = ALIGN (0x2)
 *(.fini9)
 .fini9         0x0000133c        0x0 e:/embedded_systems/00_imt_avr_diploma/00-tools/01-imt sdk/imt_sdk_win_64/winavr/bin/../lib/gcc/avr/4.3.3/avr5\libgcc.a(_exit.o)
                0x0000133c                exit
                0x0000133c                _exit
 *(.fini9)
 *(.fini8)
 *(.fini8)
 *(.fini7)
 *(.fini7)
 *(.fini6)
 *(.fini6)
 *(.fini5)
 *(.fini5)
 *(.fini4)
 *(.fini4)
 *(.fini3)
 *(.fini3)
 *(.fini2)
 *(.fini2)
 *(.fini1)
 *(.fini1)
 *(.fini0)
 .fini0         0x0000133c        0x4 e:/embedded_systems/00_imt_avr_diploma/00-tools/01-imt sdk/imt_sdk_win_64/winavr/bin/../lib/gcc/avr/4.3.3/avr5\libgcc.a(_exit.o)
 *(.fini0)
                0x00001340                _etext = .

.data           0x00800060       0x18 load address 0x00001340
                0x00800060                PROVIDE (__data_start, .)
 *(.data)
 .data          0x00800060        0x0 e:/embedded_systems/00_imt_avr_diploma/00-tools/01-imt sdk/imt_sdk_win_64/winavr/bin/../lib/gcc/avr/4.3.3/../../../../avr/lib/avr5/crtm32.o
 .data          0x00800060        0x0 ./ADC_program.o
 .data          0x00800060        0x0 ./DIO_program.o
 .data          0x00800060        0x0 ./KPD_program.o
 .data          0x00800060        0x0 ./MATH_HELPER.o
 .data          0x00800060        0x0 ./PORT_program.o
 .data          0x00800060        0x0 ./TIMER_program.o
 .data          0x00800060        0x0 ./main.o
 .data          0x00800060        0x0 e:/embedded_systems/00_imt_avr_diploma/00-tools/01-imt sdk/imt_sdk_win_64/winavr/bin/../lib/gcc/avr/4.3.3/avr5\libgcc.a(_mulsi3.o)
 .data          0x00800060        0x0 e:/embedded_systems/00_imt_avr_diploma/00-tools/01-imt sdk/imt_sdk_win_64/winavr/bin/../lib/gcc/avr/4.3.3/avr5\libgcc.a(_divmodsi4.o)
 .data          0x00800060        0x0 e:/embedded_systems/00_imt_avr_diploma/00-tools/01-imt sdk/imt_sdk_win_64/winavr/bin/../lib/gcc/avr/4.3.3/avr5\libgcc.a(_exit.o)
 .data          0x00800060        0x0 e:/embedded_systems/00_imt_avr_diploma/00-tools/01-imt sdk/imt_sdk_win_64/winavr/bin/../lib/gcc/avr/4.3.3/avr5\libgcc.a(_copy_data.o)
 .data          0x00800060        0x0 e:/embedded_systems/00_imt_avr_diploma/00-tools/01-imt sdk/imt_sdk_win_64/winavr/bin/../lib/gcc/avr/4.3.3/avr5\libgcc.a(_clear_bss.o)
 .data          0x00800060        0x0 e:/embedded_systems/00_imt_avr_diploma/00-tools/01-imt sdk/imt_sdk_win_64/winavr/bin/../lib/gcc/avr/4.3.3/avr5\libgcc.a(_udivmodsi4.o)
 *(.data*)
 .data.Local_u8RowArr.1211
                0x00800060        0x4 ./KPD_program.o
 .data.Local_u8ColumnArr.1210
                0x00800064        0x4 ./KPD_program.o
 .data.Local_u8KPDArr.1209
                0x00800068       0x10 ./KPD_program.o
 *(.rodata)
 *(.rodata*)
 *(.gnu.linkonce.d*)
                0x00800078                . = ALIGN (0x2)
                0x00800078                _edata = .
                0x00800078                PROVIDE (__data_end, .)

.bss            0x00800078        0xd
                0x00800078                PROVIDE (__bss_start, .)
 *(.bss)
 .bss           0x00800078        0x0 e:/embedded_systems/00_imt_avr_diploma/00-tools/01-imt sdk/imt_sdk_win_64/winavr/bin/../lib/gcc/avr/4.3.3/../../../../avr/lib/avr5/crtm32.o
 .bss           0x00800078        0x0 ./ADC_program.o
 .bss           0x00800078        0x0 ./DIO_program.o
 .bss           0x00800078        0x0 ./KPD_program.o
 .bss           0x00800078        0x0 ./MATH_HELPER.o
 .bss           0x00800078        0x0 ./PORT_program.o
 .bss           0x00800078        0x0 ./TIMER_program.o
 .bss           0x00800078        0x0 ./main.o
 .bss           0x00800078        0x0 e:/embedded_systems/00_imt_avr_diploma/00-tools/01-imt sdk/imt_sdk_win_64/winavr/bin/../lib/gcc/avr/4.3.3/avr5\libgcc.a(_mulsi3.o)
 .bss           0x00800078        0x0 e:/embedded_systems/00_imt_avr_diploma/00-tools/01-imt sdk/imt_sdk_win_64/winavr/bin/../lib/gcc/avr/4.3.3/avr5\libgcc.a(_divmodsi4.o)
 .bss           0x00800078        0x0 e:/embedded_systems/00_imt_avr_diploma/00-tools/01-imt sdk/imt_sdk_win_64/winavr/bin/../lib/gcc/avr/4.3.3/avr5\libgcc.a(_exit.o)
 .bss           0x00800078        0x0 e:/embedded_systems/00_imt_avr_diploma/00-tools/01-imt sdk/imt_sdk_win_64/winavr/bin/../lib/gcc/avr/4.3.3/avr5\libgcc.a(_copy_data.o)
 .bss           0x00800078        0x0 e:/embedded_systems/00_imt_avr_diploma/00-tools/01-imt sdk/imt_sdk_win_64/winavr/bin/../lib/gcc/avr/4.3.3/avr5\libgcc.a(_clear_bss.o)
 .bss           0x00800078        0x0 e:/embedded_systems/00_imt_avr_diploma/00-tools/01-imt sdk/imt_sdk_win_64/winavr/bin/../lib/gcc/avr/4.3.3/avr5\libgcc.a(_udivmodsi4.o)
 *(.bss*)
 .bss.ADC_pu16Reading
                0x00800078        0x2 ./ADC_program.o
 .bss.ADC_pvCallBackNotificationFunc
                0x0080007a        0x2 ./ADC_program.o
 .bss.ADC_u8BusyState
                0x0080007c        0x1 ./ADC_program.o
 .bss.ADC_ConversionState
                0x0080007d        0x1 ./ADC_program.o
 .bss.ADC_psChain
                0x0080007e        0x2 ./ADC_program.o
 .bss.ADC_u8ChainIndex
                0x00800080        0x1 ./ADC_program.o
 .bss.TIMER0_pvCallBackFunc
                0x00800081        0x2 ./TIMER_program.o
 .bss.TIMER2_pvCallBackFunc
                0x00800083        0x2 ./TIMER_program.o
 *(COMMON)
                0x00800085                PROVIDE (__bss_end, .)
                0x00001340                __data_load_start = LOADADDR (.data)
                0x00001358                __data_load_end = (__data_load_start + SIZEOF (.data))

.noinit         0x00800085        0x0
                0x00800085                PROVIDE (__noinit_start, .)
 *(.noinit*)
                0x00800085                PROVIDE (__noinit_end, .)
                0x00800085                _end = .
                0x00800085                PROVIDE (__heap_start, .)

.eeprom         0x00810000        0x0
 *(.eeprom*)
                0x00810000                __eeprom_end = .

.fuse
 *(.fuse)
 *(.lfuse)
 *(.hfuse)
 *(.efuse)

.lock
 *(.lock*)

.signature
 *(.signature*)

.stab           0x00000000     0x1c14
 *(.stab)
 .stab          0x00000000      0x690 ./ADC_program.o
 .stab          0x00000690      0x498 ./DIO_program.o
                                0x51c (size before relaxing)
 .stab          0x00000b28      0x240 ./KPD_program.o
                                0x2c4 (size before relaxing)
 .stab          0x00000d68      0x240 ./MATH_HELPER.o
                                0x2c4 (size before relaxing)
 .stab          0x00000fa8      0x168 ./PORT_program.o
                                0x1ec (size before relaxing)
 .stab          0x00001110      0x75c ./TIMER_program.o
                                0x7e0 (size before relaxing)
 .stab          0x0000186c      0x3a8 ./main.o
                                0x450 (size before relaxing)

.stabstr        0x00000000     0x10a9
 *(.stabstr)
 .stabstr       0x00000000     0x10a9 ./ADC_program.o

.stab.excl
 *(.stab.excl)

.stab.exclstr
 *(.stab.exclstr)

.stab.index
 *(.stab.index)

.stab.indexstr
 *(.stab.indexstr)

.comment
 *(.comment)

.debug
 *(.debug)

.line
 *(.line)

.debug_srcinfo
 *(.debug_srcinfo)

.debug_sfnames
 *(.debug_sfnames)

.debug_aranges
 *(.debug_aranges)

.debug_pubnames
 *(.debug_pubnames)

.debug_info
 *(.debug_info)
 *(.gnu.linkonce.wi.*)

.debug_abbrev
 *(.debug_abbrev)

.debug_line
 *(.debug_line)

.debug_frame
 *(.debug_frame)

.debug_str
 *(.debug_str)

.debug_loc
 *(.debug_loc)

.debug_macinfo
 *(.debug_macinfo)
OUTPUT(BUZZER.elf elf32-avr)
LOAD linker stubs
