Archive member included because of file (symbol)

e:/embedded_systems/00_imt_avr_diploma/00-tools/01-imt sdk/imt_sdk_win_64/winavr/bin/../lib/gcc/avr/4.3.3/avr5\libgcc.a(_mulsi3.o)
                              ./CLCD_program.o (__mulsi3)
e:/embedded_systems/00_imt_avr_diploma/00-tools/01-imt sdk/imt_sdk_win_64/winavr/bin/../lib/gcc/avr/4.3.3/avr5\libgcc.a(_udivmodsi4.o)
                              ./CLCD_program.o (__udivmodsi4)
e:/embedded_systems/00_imt_avr_diploma/00-tools/01-imt sdk/imt_sdk_win_64/winavr/bin/../lib/gcc/avr/4.3.3/avr5\libgcc.a(_exit.o)
                              e:/embedded_systems/00_imt_avr_diploma/00-tools/01-imt sdk/imt_sdk_win_64/winavr/bin/../lib/gcc/avr/4.3.3/../../../../avr/lib/avr5/crtm32.o (exit)
e:/embedded_systems/00_imt_avr_diploma/00-tools/01-imt sdk/imt_sdk_win_64/winavr/bin/../lib/gcc/avr/4.3.3/avr5\libgcc.a(_copy_data.o)
                              ./KPD_program.o (__do_copy_data)
e:/embedded_systems/00_imt_avr_diploma/00-tools/01-imt sdk/imt_sdk_win_64/winavr/bin/../lib/gcc/avr/4.3.3/avr5\libgcc.a(_clear_bss.o)
                              ./EXTI_program.o (__do_clear_bss)
e:/embedded_systems/00_imt_avr_diploma/00-tools/01-imt sdk/imt_sdk_win_64/winavr/bin/../lib/gcc/avr/4.3.3/avr5\libgcc.a(_fixunssfsi.o)
                              ./CLCD_program.o (__fixunssfsi)
e:/embedded_systems/00_imt_avr_diploma/00-tools/01-imt sdk/imt_sdk_win_64/winavr/bin/../lib/gcc/avr/4.3.3/avr5\libgcc.a(_addsub_sf.o)
                              e:/embedded_systems/00_imt_avr_diploma/00-tools/01-imt sdk/imt_sdk_win_64/winavr/bin/../lib/gcc/avr/4.3.3/avr5\libgcc.a(_fixunssfsi.o) (__subsf3)
e:/embedded_systems/00_imt_avr_diploma/00-tools/01-imt sdk/imt_sdk_win_64/winavr/bin/../lib/gcc/avr/4.3.3/avr5\libgcc.a(_mul_sf.o)
                              ./CLCD_program.o (__mulsf3)
e:/embedded_systems/00_imt_avr_diploma/00-tools/01-imt sdk/imt_sdk_win_64/winavr/bin/../lib/gcc/avr/4.3.3/avr5\libgcc.a(_gt_sf.o)
                              ./CLCD_program.o (__gtsf2)
e:/embedded_systems/00_imt_avr_diploma/00-tools/01-imt sdk/imt_sdk_win_64/winavr/bin/../lib/gcc/avr/4.3.3/avr5\libgcc.a(_ge_sf.o)
                              e:/embedded_systems/00_imt_avr_diploma/00-tools/01-imt sdk/imt_sdk_win_64/winavr/bin/../lib/gcc/avr/4.3.3/avr5\libgcc.a(_fixunssfsi.o) (__gesf2)
e:/embedded_systems/00_imt_avr_diploma/00-tools/01-imt sdk/imt_sdk_win_64/winavr/bin/../lib/gcc/avr/4.3.3/avr5\libgcc.a(_lt_sf.o)
                              ./CLCD_program.o (__ltsf2)
e:/embedded_systems/00_imt_avr_diploma/00-tools/01-imt sdk/imt_sdk_win_64/winavr/bin/../lib/gcc/avr/4.3.3/avr5\libgcc.a(_sf_to_si.o)
                              e:/embedded_systems/00_imt_avr_diploma/00-tools/01-imt sdk/imt_sdk_win_64/winavr/bin/../lib/gcc/avr/4.3.3/avr5\libgcc.a(_fixunssfsi.o) (__fixsfsi)
e:/embedded_systems/00_imt_avr_diploma/00-tools/01-imt sdk/imt_sdk_win_64/winavr/bin/../lib/gcc/avr/4.3.3/avr5\libgcc.a(_thenan_sf.o)
                              e:/embedded_systems/00_imt_avr_diploma/00-tools/01-imt sdk/imt_sdk_win_64/winavr/bin/../lib/gcc/avr/4.3.3/avr5\libgcc.a(_addsub_sf.o) (__thenan_sf)
e:/embedded_systems/00_imt_avr_diploma/00-tools/01-imt sdk/imt_sdk_win_64/winavr/bin/../lib/gcc/avr/4.3.3/avr5\libgcc.a(_prologue.o)
                              e:/embedded_systems/00_imt_avr_diploma/00-tools/01-imt sdk/imt_sdk_win_64/winavr/bin/../lib/gcc/avr/4.3.3/avr5\libgcc.a(_addsub_sf.o) (__prologue_saves__)
e:/embedded_systems/00_imt_avr_diploma/00-tools/01-imt sdk/imt_sdk_win_64/winavr/bin/../lib/gcc/avr/4.3.3/avr5\libgcc.a(_epilogue.o)
                              e:/embedded_systems/00_imt_avr_diploma/00-tools/01-imt sdk/imt_sdk_win_64/winavr/bin/../lib/gcc/avr/4.3.3/avr5\libgcc.a(_addsub_sf.o) (__epilogue_restores__)
e:/embedded_systems/00_imt_avr_diploma/00-tools/01-imt sdk/imt_sdk_win_64/winavr/bin/../lib/gcc/avr/4.3.3/avr5\libgcc.a(_pack_sf.o)
                              e:/embedded_systems/00_imt_avr_diploma/00-tools/01-imt sdk/imt_sdk_win_64/winavr/bin/../lib/gcc/avr/4.3.3/avr5\libgcc.a(_addsub_sf.o) (__pack_f)
e:/embedded_systems/00_imt_avr_diploma/00-tools/01-imt sdk/imt_sdk_win_64/winavr/bin/../lib/gcc/avr/4.3.3/avr5\libgcc.a(_unpack_sf.o)
                              e:/embedded_systems/00_imt_avr_diploma/00-tools/01-imt sdk/imt_sdk_win_64/winavr/bin/../lib/gcc/avr/4.3.3/avr5\libgcc.a(_addsub_sf.o) (__unpack_f)
e:/embedded_systems/00_imt_avr_diploma/00-tools/01-imt sdk/imt_sdk_win_64/winavr/bin/../lib/gcc/avr/4.3.3/avr5\libgcc.a(_fpcmp_parts_sf.o)
                              e:/embedded_systems/00_imt_avr_diploma/00-tools/01-imt sdk/imt_sdk_win_64/winavr/bin/../lib/gcc/avr/4.3.3/avr5\libgcc.a(_gt_sf.o) (__fpcmp_parts_f)

Memory Configuration

Name             Origin             Length             Attributes
text             0x00000000         0x00020000         xr
data             0x00800060         0x0000ffa0         rw !x
eeprom           0x00810000         0x00010000         rw !x
fuse             0x00820000         0x00000400         rw !x
lock             0x00830000         0x00000400         rw !x
signature        0x00840000         0x00000400         rw !x
*default*        0x00000000         0xffffffff

Linker script and memory map

LOAD e:/embedded_systems/00_imt_avr_diploma/00-tools/01-imt sdk/imt_sdk_win_64/winavr/bin/../lib/gcc/avr/4.3.3/../../../../avr/lib/avr5/crtm32.o
LOAD ./CLCD_program.o
LOAD ./DIO_program.o
LOAD ./EXTI_program.o
LOAD ./GIE_program.o
LOAD ./KPD_program.o
LOAD ./PORT_program.o
LOAD ./main.o
LOAD e:/embedded_systems/00_imt_avr_diploma/00-tools/01-imt sdk/imt_sdk_win_64/winavr/bin/../lib/gcc/avr/4.3.3/avr5\libgcc.a
LOAD e:/embedded_systems/00_imt_avr_diploma/00-tools/01-imt sdk/imt_sdk_win_64/winavr/bin/../lib/gcc/avr/4.3.3/../../../../avr/lib/avr5\libc.a
LOAD e:/embedded_systems/00_imt_avr_diploma/00-tools/01-imt sdk/imt_sdk_win_64/winavr/bin/../lib/gcc/avr/4.3.3/avr5\libgcc.a

.hash
 *(.hash)

.dynsym
 *(.dynsym)

.dynstr
 *(.dynstr)

.gnu.version
 *(.gnu.version)

.gnu.version_d
 *(.gnu.version_d)

.gnu.version_r
 *(.gnu.version_r)

.rel.init
 *(.rel.init)

.rela.init
 *(.rela.init)

.rel.text
 *(.rel.text)
 *(.rel.text.*)
 *(.rel.gnu.linkonce.t*)

.rela.text
 *(.rela.text)
 *(.rela.text.*)
 *(.rela.gnu.linkonce.t*)

.rel.fini
 *(.rel.fini)

.rela.fini
 *(.rela.fini)

.rel.rodata
 *(.rel.rodata)
 *(.rel.rodata.*)
 *(.rel.gnu.linkonce.r*)

.rela.rodata
 *(.rela.rodata)
 *(.rela.rodata.*)
 *(.rela.gnu.linkonce.r*)

.rel.data
 *(.rel.data)
 *(.rel.data.*)
 *(.rel.gnu.linkonce.d*)

.rela.data
 *(.rela.data)
 *(.rela.data.*)
 *(.rela.gnu.linkonce.d*)

.rel.ctors
 *(.rel.ctors)

.rela.ctors
 *(.rela.ctors)

.rel.dtors
 *(.rel.dtors)

.rela.dtors
 *(.rela.dtors)

.rel.got
 *(.rel.got)

.rela.got
 *(.rela.got)

.rel.bss
 *(.rel.bss)

.rela.bss
 *(.rela.bss)

.rel.plt
 *(.rel.plt)

.rela.plt
 *(.rela.plt)

.text           0x00000000     0x266e
 *(.vectors)
 .vectors       0x00000000       0x54 e:/embedded_systems/00_imt_avr_diploma/00-tools/01-imt sdk/imt_sdk_win_64/winavr/bin/../lib/gcc/avr/4.3.3/../../../../avr/lib/avr5/crtm32.o
                0x00000000                __vectors
                0x00000000                __vector_default
 *(.vectors)
 *(.progmem.gcc*)
 *(.progmem*)
                0x00000054                . = ALIGN (0x2)
                0x00000054                __trampolines_start = .
 *(.trampolines)
 .trampolines   0x00000054        0x0 linker stubs
 *(.trampolines*)
                0x00000054                __trampolines_end = .
 *(.jumptables)
 *(.jumptables*)
 *(.lowtext)
 *(.lowtext*)
                0x00000054                __ctors_start = .
 *(.ctors)
                0x00000054                __ctors_end = .
                0x00000054                __dtors_start = .
 *(.dtors)
                0x00000054                __dtors_end = .
 SORT(*)(.ctors)
 SORT(*)(.dtors)
 *(.init0)
 .init0         0x00000054        0x0 e:/embedded_systems/00_imt_avr_diploma/00-tools/01-imt sdk/imt_sdk_win_64/winavr/bin/../lib/gcc/avr/4.3.3/../../../../avr/lib/avr5/crtm32.o
                0x00000054                __init
 *(.init0)
 *(.init1)
 *(.init1)
 *(.init2)
 .init2         0x00000054        0xc e:/embedded_systems/00_imt_avr_diploma/00-tools/01-imt sdk/imt_sdk_win_64/winavr/bin/../lib/gcc/avr/4.3.3/../../../../avr/lib/avr5/crtm32.o
 *(.init2)
 *(.init3)
 *(.init3)
 *(.init4)
 .init4         0x00000060       0x16 e:/embedded_systems/00_imt_avr_diploma/00-tools/01-imt sdk/imt_sdk_win_64/winavr/bin/../lib/gcc/avr/4.3.3/avr5\libgcc.a(_copy_data.o)
                0x00000060                __do_copy_data
 .init4         0x00000076       0x10 e:/embedded_systems/00_imt_avr_diploma/00-tools/01-imt sdk/imt_sdk_win_64/winavr/bin/../lib/gcc/avr/4.3.3/avr5\libgcc.a(_clear_bss.o)
                0x00000076                __do_clear_bss
 *(.init4)
 *(.init5)
 *(.init5)
 *(.init6)
 *(.init6)
 *(.init7)
 *(.init7)
 *(.init8)
 *(.init8)
 *(.init9)
 .init9         0x00000086        0x8 e:/embedded_systems/00_imt_avr_diploma/00-tools/01-imt sdk/imt_sdk_win_64/winavr/bin/../lib/gcc/avr/4.3.3/../../../../avr/lib/avr5/crtm32.o
 *(.init9)
 *(.text)
 .text          0x0000008e        0x4 e:/embedded_systems/00_imt_avr_diploma/00-tools/01-imt sdk/imt_sdk_win_64/winavr/bin/../lib/gcc/avr/4.3.3/../../../../avr/lib/avr5/crtm32.o
                0x0000008e                __vector_12
                0x0000008e                __bad_interrupt
                0x0000008e                __vector_6
                0x0000008e                __vector_11
                0x0000008e                __vector_13
                0x0000008e                __vector_17
                0x0000008e                __vector_19
                0x0000008e                __vector_7
                0x0000008e                __vector_5
                0x0000008e                __vector_4
                0x0000008e                __vector_9
                0x0000008e                __vector_15
                0x0000008e                __vector_8
                0x0000008e                __vector_14
                0x0000008e                __vector_10
                0x0000008e                __vector_16
                0x0000008e                __vector_18
                0x0000008e                __vector_20
 .text          0x00000092        0x0 ./CLCD_program.o
 .text          0x00000092        0x0 ./DIO_program.o
 .text          0x00000092        0x0 ./EXTI_program.o
 .text          0x00000092        0x0 ./GIE_program.o
 .text          0x00000092        0x0 ./KPD_program.o
 .text          0x00000092        0x0 ./PORT_program.o
 .text          0x00000092        0x0 ./main.o
 .text          0x00000092        0x0 e:/embedded_systems/00_imt_avr_diploma/00-tools/01-imt sdk/imt_sdk_win_64/winavr/bin/../lib/gcc/avr/4.3.3/avr5\libgcc.a(_mulsi3.o)
 .text          0x00000092        0x0 e:/embedded_systems/00_imt_avr_diploma/00-tools/01-imt sdk/imt_sdk_win_64/winavr/bin/../lib/gcc/avr/4.3.3/avr5\libgcc.a(_udivmodsi4.o)
 .text          0x00000092        0x0 e:/embedded_systems/00_imt_avr_diploma/00-tools/01-imt sdk/imt_sdk_win_64/winavr/bin/../lib/gcc/avr/4.3.3/avr5\libgcc.a(_exit.o)
 .text          0x00000092        0x0 e:/embedded_systems/00_imt_avr_diploma/00-tools/01-imt sdk/imt_sdk_win_64/winavr/bin/../lib/gcc/avr/4.3.3/avr5\libgcc.a(_copy_data.o)
 .text          0x00000092        0x0 e:/embedded_systems/00_imt_avr_diploma/00-tools/01-imt sdk/imt_sdk_win_64/winavr/bin/../lib/gcc/avr/4.3.3/avr5\libgcc.a(_clear_bss.o)
 .text          0x00000092       0x58 e:/embedded_systems/00_imt_avr_diploma/00-tools/01-imt sdk/imt_sdk_win_64/winavr/bin/../lib/gcc/avr/4.3.3/avr5\libgcc.a(_fixunssfsi.o)
                0x00000092                __fixunssfsi
 .text          0x000000ea      0x354 e:/embedded_systems/00_imt_avr_diploma/00-tools/01-imt sdk/imt_sdk_win_64/winavr/bin/../lib/gcc/avr/4.3.3/avr5\libgcc.a(_addsub_sf.o)
                0x00000382                __subsf3
                0x000003e4                __addsf3
 .text          0x0000043e      0x1f4 e:/embedded_systems/00_imt_avr_diploma/00-tools/01-imt sdk/imt_sdk_win_64/winavr/bin/../lib/gcc/avr/4.3.3/avr5\libgcc.a(_mul_sf.o)
                0x0000043e                __mulsf3
 .text          0x00000632       0x60 e:/embedded_systems/00_imt_avr_diploma/00-tools/01-imt sdk/imt_sdk_win_64/winavr/bin/../lib/gcc/avr/4.3.3/avr5\libgcc.a(_gt_sf.o)
                0x00000632                __gtsf2
 .text          0x00000692       0x60 e:/embedded_systems/00_imt_avr_diploma/00-tools/01-imt sdk/imt_sdk_win_64/winavr/bin/../lib/gcc/avr/4.3.3/avr5\libgcc.a(_ge_sf.o)
                0x00000692                __gesf2
 .text          0x000006f2       0x60 e:/embedded_systems/00_imt_avr_diploma/00-tools/01-imt sdk/imt_sdk_win_64/winavr/bin/../lib/gcc/avr/4.3.3/avr5\libgcc.a(_lt_sf.o)
                0x000006f2                __ltsf2
 .text          0x00000752       0xa8 e:/embedded_systems/00_imt_avr_diploma/00-tools/01-imt sdk/imt_sdk_win_64/winavr/bin/../lib/gcc/avr/4.3.3/avr5\libgcc.a(_sf_to_si.o)
                0x00000752                __fixsfsi
 .text          0x000007fa        0x0 e:/embedded_systems/00_imt_avr_diploma/00-tools/01-imt sdk/imt_sdk_win_64/winavr/bin/../lib/gcc/avr/4.3.3/avr5\libgcc.a(_thenan_sf.o)
 .text          0x000007fa        0x0 e:/embedded_systems/00_imt_avr_diploma/00-tools/01-imt sdk/imt_sdk_win_64/winavr/bin/../lib/gcc/avr/4.3.3/avr5\libgcc.a(_prologue.o)
 .text          0x000007fa        0x0 e:/embedded_systems/00_imt_avr_diploma/00-tools/01-imt sdk/imt_sdk_win_64/winavr/bin/../lib/gcc/avr/4.3.3/avr5\libgcc.a(_epilogue.o)
 .text          0x000007fa      0x1aa e:/embedded_systems/00_imt_avr_diploma/00-tools/01-imt sdk/imt_sdk_win_64/winavr/bin/../lib/gcc/avr/4.3.3/avr5\libgcc.a(_pack_sf.o)
                0x000007fa                __pack_f
 .text          0x000009a4       0xf0 e:/embedded_systems/00_imt_avr_diploma/00-tools/01-imt sdk/imt_sdk_win_64/winavr/bin/../lib/gcc/avr/4.3.3/avr5\libgcc.a(_unpack_sf.o)
                0x000009a4                __unpack_f
 .text          0x00000a94       0xb2 e:/embedded_systems/00_imt_avr_diploma/00-tools/01-imt sdk/imt_sdk_win_64/winavr/bin/../lib/gcc/avr/4.3.3/avr5\libgcc.a(_fpcmp_parts_sf.o)
                0x00000a94                __fpcmp_parts_f
                0x00000b46                . = ALIGN (0x2)
 *(.text.*)
 .text.CLCD_voidSendCommand
                0x00000b46      0x13c ./CLCD_program.o
                0x00000b46                CLCD_voidSendCommand
 .text.CLCD_voidSendData
                0x00000c82      0x13c ./CLCD_program.o
                0x00000c82                CLCD_voidSendData
 .text.CLCD_voidSendString
                0x00000dbe       0x38 ./CLCD_program.o
                0x00000dbe                CLCD_voidSendString
 .text.CLCD_voidInit
                0x00000df6      0x11c ./CLCD_program.o
                0x00000df6                CLCD_voidInit
 .text.CLCD_voidGoToXY
                0x00000f12       0x40 ./CLCD_program.o
                0x00000f12                CLCD_voidGoToXY
 .text.CLCD_voidWriteSpecialCharacter
                0x00000f52       0x6a ./CLCD_program.o
                0x00000f52                CLCD_voidWriteSpecialCharacter
 .text.CLCD_voidSendSpecialCharacter
                0x00000fbc       0x2c ./CLCD_program.o
                0x00000fbc                CLCD_voidSendSpecialCharacter
 .text.CLCD_voidSendNumber
                0x00000fe8      0x11e ./CLCD_program.o
                0x00000fe8                CLCD_voidSendNumber
 .text.CLCD_u32Power
                0x00001106       0xb0 ./CLCD_program.o
                0x00001106                CLCD_u32Power
 .text.DIO_u8SetPinValue
                0x000011b6      0x224 ./DIO_program.o
                0x000011b6                DIO_u8SetPinValue
 .text.DIO_u8SetPortValue
                0x000013da       0x90 ./DIO_program.o
                0x000013da                DIO_u8SetPortValue
 .text.DIO_u8GetPinValue
                0x0000146a      0x130 ./DIO_program.o
                0x0000146a                DIO_u8GetPinValue
 .text.DIO_u8GetPortValue
                0x0000159a       0xa4 ./DIO_program.o
                0x0000159a                DIO_u8GetPortValue
 .text.EXTI_voidInt0Init
                0x0000163e       0x38 ./EXTI_program.o
                0x0000163e                EXTI_voidInt0Init
 .text.EXTI_voidInt1Init
                0x00001676       0x38 ./EXTI_program.o
                0x00001676                EXTI_voidInt1Init
 .text.EXTI_voidInt2Init
                0x000016ae       0x2a ./EXTI_program.o
                0x000016ae                EXTI_voidInt2Init
 .text.EXTI_u8SetSenseControl
                0x000016d8      0x1f6 ./EXTI_program.o
                0x000016d8                EXTI_u8SetSenseControl
 .text.EXTI_u8SetInterruptStatus
                0x000018ce       0xcc ./EXTI_program.o
                0x000018ce                EXTI_u8SetInterruptStatus
 .text.EXTI_u8Int0SetCallBack
                0x0000199a       0x3a ./EXTI_program.o
                0x0000199a                EXTI_u8Int0SetCallBack
 .text.EXTI_u8Int1SetCallBack
                0x000019d4       0x3a ./EXTI_program.o
                0x000019d4                EXTI_u8Int1SetCallBack
 .text.EXTI_u8Int2SetCallBack
                0x00001a0e       0x3a ./EXTI_program.o
                0x00001a0e                EXTI_u8Int2SetCallBack
 .text.__vector_1
                0x00001a48       0x66 ./EXTI_program.o
                0x00001a48                __vector_1
 .text.__vector_2
                0x00001aae       0x66 ./EXTI_program.o
                0x00001aae                __vector_2
 .text.__vector_3
                0x00001b14       0x66 ./EXTI_program.o
                0x00001b14                __vector_3
 .text.GIE_voidEnable
                0x00001b7a       0x1c ./GIE_program.o
                0x00001b7a                GIE_voidEnable
 .text.GIE_voidDisable
                0x00001b96       0x1c ./GIE_program.o
                0x00001b96                GIE_voidDisable
 .text.KPD_u8GetPressedKey
                0x00001bb2       0xf0 ./KPD_program.o
                0x00001bb2                KPD_u8GetPressedKey
 .text.PORT_voidInit
                0x00001ca2       0x48 ./PORT_program.o
                0x00001ca2                PORT_voidInit
 .text.main     0x00001cea      0x7dc ./main.o
                0x00001cea                main
 .text.INT0_ISR
                0x000024c6       0x5a ./main.o
                0x000024c6                INT0_ISR
 .text.INT1_ISR
                0x00002520       0x5a ./main.o
                0x00002520                INT1_ISR
 .text.libgcc   0x0000257a       0x3e e:/embedded_systems/00_imt_avr_diploma/00-tools/01-imt sdk/imt_sdk_win_64/winavr/bin/../lib/gcc/avr/4.3.3/avr5\libgcc.a(_mulsi3.o)
                0x0000257a                __mulsi3
 .text.libgcc   0x000025b8       0x44 e:/embedded_systems/00_imt_avr_diploma/00-tools/01-imt sdk/imt_sdk_win_64/winavr/bin/../lib/gcc/avr/4.3.3/avr5\libgcc.a(_udivmodsi4.o)
                0x000025b8                __udivmodsi4
 .text.libgcc   0x000025fc        0x0 e:/embedded_systems/00_imt_avr_diploma/00-tools/01-imt sdk/imt_sdk_win_64/winavr/bin/../lib/gcc/avr/4.3.3/avr5\libgcc.a(_exit.o)
 .text.libgcc   0x000025fc        0x0 e:/embedded_systems/00_imt_avr_diploma/00-tools/01-imt sdk/imt_sdk_win_64/winavr/bin/../lib/gcc/avr/4.3.3/avr5\libgcc.a(_copy_data.o)
 .text.libgcc   0x000025fc        0x0 e:/embedded_systems/00_imt_avr_diploma/00-tools/01-imt sdk/imt_sdk_win_64/winavr/bin/../lib/gcc/avr/4.3.3/avr5\libgcc.a(_clear_bss.o)
 .text.libgcc   0x000025fc       0x38 e:/embedded_systems/00_imt_avr_diploma/00-tools/01-imt sdk/imt_sdk_win_64/winavr/bin/../lib/gcc/avr/4.3.3/avr5\libgcc.a(_prologue.o)
                0x000025fc                __prologue_saves__
 .text.libgcc   0x00002634       0x36 e:/embedded_systems/00_imt_avr_diploma/00-tools/01-imt sdk/imt_sdk_win_64/winavr/bin/../lib/gcc/avr/4.3.3/avr5\libgcc.a(_epilogue.o)
                0x00002634                __epilogue_restores__
                0x0000266a                . = ALIGN (0x2)
 *(.fini9)
 .fini9         0x0000266a        0x0 e:/embedded_systems/00_imt_avr_diploma/00-tools/01-imt sdk/imt_sdk_win_64/winavr/bin/../lib/gcc/avr/4.3.3/avr5\libgcc.a(_exit.o)
                0x0000266a                exit
                0x0000266a                _exit
 *(.fini9)
 *(.fini8)
 *(.fini8)
 *(.fini7)
 *(.fini7)
 *(.fini6)
 *(.fini6)
 *(.fini5)
 *(.fini5)
 *(.fini4)
 *(.fini4)
 *(.fini3)
 *(.fini3)
 *(.fini2)
 *(.fini2)
 *(.fini1)
 *(.fini1)
 *(.fini0)
 .fini0         0x0000266a        0x4 e:/embedded_systems/00_imt_avr_diploma/00-tools/01-imt sdk/imt_sdk_win_64/winavr/bin/../lib/gcc/avr/4.3.3/avr5\libgcc.a(_exit.o)
 *(.fini0)
                0x0000266e                _etext = .

.data           0x00800060       0x5c load address 0x0000266e
                0x00800060                PROVIDE (__data_start, .)
 *(.data)
 .data          0x00800060        0x0 e:/embedded_systems/00_imt_avr_diploma/00-tools/01-imt sdk/imt_sdk_win_64/winavr/bin/../lib/gcc/avr/4.3.3/../../../../avr/lib/avr5/crtm32.o
 .data          0x00800060        0x0 ./CLCD_program.o
 .data          0x00800060        0x0 ./DIO_program.o
 .data          0x00800060        0x0 ./EXTI_program.o
 .data          0x00800060        0x0 ./GIE_program.o
 .data          0x00800060        0x0 ./KPD_program.o
 .data          0x00800060        0x0 ./PORT_program.o
 .data          0x00800060       0x2c ./main.o
 .data          0x0080008c        0x0 e:/embedded_systems/00_imt_avr_diploma/00-tools/01-imt sdk/imt_sdk_win_64/winavr/bin/../lib/gcc/avr/4.3.3/avr5\libgcc.a(_mulsi3.o)
 .data          0x0080008c        0x0 e:/embedded_systems/00_imt_avr_diploma/00-tools/01-imt sdk/imt_sdk_win_64/winavr/bin/../lib/gcc/avr/4.3.3/avr5\libgcc.a(_udivmodsi4.o)
 .data          0x0080008c        0x0 e:/embedded_systems/00_imt_avr_diploma/00-tools/01-imt sdk/imt_sdk_win_64/winavr/bin/../lib/gcc/avr/4.3.3/avr5\libgcc.a(_exit.o)
 .data          0x0080008c        0x0 e:/embedded_systems/00_imt_avr_diploma/00-tools/01-imt sdk/imt_sdk_win_64/winavr/bin/../lib/gcc/avr/4.3.3/avr5\libgcc.a(_copy_data.o)
 .data          0x0080008c        0x0 e:/embedded_systems/00_imt_avr_diploma/00-tools/01-imt sdk/imt_sdk_win_64/winavr/bin/../lib/gcc/avr/4.3.3/avr5\libgcc.a(_clear_bss.o)
 .data          0x0080008c        0x0 e:/embedded_systems/00_imt_avr_diploma/00-tools/01-imt sdk/imt_sdk_win_64/winavr/bin/../lib/gcc/avr/4.3.3/avr5\libgcc.a(_fixunssfsi.o)
 .data          0x0080008c        0x0 e:/embedded_systems/00_imt_avr_diploma/00-tools/01-imt sdk/imt_sdk_win_64/winavr/bin/../lib/gcc/avr/4.3.3/avr5\libgcc.a(_addsub_sf.o)
 .data          0x0080008c        0x0 e:/embedded_systems/00_imt_avr_diploma/00-tools/01-imt sdk/imt_sdk_win_64/winavr/bin/../lib/gcc/avr/4.3.3/avr5\libgcc.a(_mul_sf.o)
 .data          0x0080008c        0x0 e:/embedded_systems/00_imt_avr_diploma/00-tools/01-imt sdk/imt_sdk_win_64/winavr/bin/../lib/gcc/avr/4.3.3/avr5\libgcc.a(_gt_sf.o)
 .data          0x0080008c        0x0 e:/embedded_systems/00_imt_avr_diploma/00-tools/01-imt sdk/imt_sdk_win_64/winavr/bin/../lib/gcc/avr/4.3.3/avr5\libgcc.a(_ge_sf.o)
 .data          0x0080008c        0x0 e:/embedded_systems/00_imt_avr_diploma/00-tools/01-imt sdk/imt_sdk_win_64/winavr/bin/../lib/gcc/avr/4.3.3/avr5\libgcc.a(_lt_sf.o)
 .data          0x0080008c        0x0 e:/embedded_systems/00_imt_avr_diploma/00-tools/01-imt sdk/imt_sdk_win_64/winavr/bin/../lib/gcc/avr/4.3.3/avr5\libgcc.a(_sf_to_si.o)
 .data          0x0080008c        0x8 e:/embedded_systems/00_imt_avr_diploma/00-tools/01-imt sdk/imt_sdk_win_64/winavr/bin/../lib/gcc/avr/4.3.3/avr5\libgcc.a(_thenan_sf.o)
                0x0080008c                __thenan_sf
 .data          0x00800094        0x0 e:/embedded_systems/00_imt_avr_diploma/00-tools/01-imt sdk/imt_sdk_win_64/winavr/bin/../lib/gcc/avr/4.3.3/avr5\libgcc.a(_prologue.o)
 .data          0x00800094        0x0 e:/embedded_systems/00_imt_avr_diploma/00-tools/01-imt sdk/imt_sdk_win_64/winavr/bin/../lib/gcc/avr/4.3.3/avr5\libgcc.a(_epilogue.o)
 .data          0x00800094        0x0 e:/embedded_systems/00_imt_avr_diploma/00-tools/01-imt sdk/imt_sdk_win_64/winavr/bin/../lib/gcc/avr/4.3.3/avr5\libgcc.a(_pack_sf.o)
 .data          0x00800094        0x0 e:/embedded_systems/00_imt_avr_diploma/00-tools/01-imt sdk/imt_sdk_win_64/winavr/bin/../lib/gcc/avr/4.3.3/avr5\libgcc.a(_unpack_sf.o)
 .data          0x00800094        0x0 e:/embedded_systems/00_imt_avr_diploma/00-tools/01-imt sdk/imt_sdk_win_64/winavr/bin/../lib/gcc/avr/4.3.3/avr5\libgcc.a(_fpcmp_parts_sf.o)
 *(.data*)
 .data.Local_u8RowArr.1211
                0x00800094        0x4 ./KPD_program.o
 .data.Local_u8ColumnArr.1210
                0x00800098        0x4 ./KPD_program.o
 .data.Local_u8KPDArr.1209
                0x0080009c       0x10 ./KPD_program.o
 *(.rodata)
 *(.rodata*)
 .rodata.C.1.1346
                0x008000ac        0x8 ./main.o
 .rodata.C.0.1345
                0x008000b4        0x8 ./main.o
 *(.gnu.linkonce.d*)
                0x008000bc                . = ALIGN (0x2)
                0x008000bc                _edata = .
                0x008000bc                PROVIDE (__data_end, .)

.bss            0x008000bc        0x8
                0x008000bc                PROVIDE (__bss_start, .)
 *(.bss)
 .bss           0x008000bc        0x0 e:/embedded_systems/00_imt_avr_diploma/00-tools/01-imt sdk/imt_sdk_win_64/winavr/bin/../lib/gcc/avr/4.3.3/../../../../avr/lib/avr5/crtm32.o
 .bss           0x008000bc        0x0 ./CLCD_program.o
 .bss           0x008000bc        0x0 ./DIO_program.o
 .bss           0x008000bc        0x0 ./EXTI_program.o
 .bss           0x008000bc        0x0 ./GIE_program.o
 .bss           0x008000bc        0x0 ./KPD_program.o
 .bss           0x008000bc        0x0 ./PORT_program.o
 .bss           0x008000bc        0x0 ./main.o
 .bss           0x008000bc        0x0 e:/embedded_systems/00_imt_avr_diploma/00-tools/01-imt sdk/imt_sdk_win_64/winavr/bin/../lib/gcc/avr/4.3.3/avr5\libgcc.a(_mulsi3.o)
 .bss           0x008000bc        0x0 e:/embedded_systems/00_imt_avr_diploma/00-tools/01-imt sdk/imt_sdk_win_64/winavr/bin/../lib/gcc/avr/4.3.3/avr5\libgcc.a(_udivmodsi4.o)
 .bss           0x008000bc        0x0 e:/embedded_systems/00_imt_avr_diploma/00-tools/01-imt sdk/imt_sdk_win_64/winavr/bin/../lib/gcc/avr/4.3.3/avr5\libgcc.a(_exit.o)
 .bss           0x008000bc        0x0 e:/embedded_systems/00_imt_avr_diploma/00-tools/01-imt sdk/imt_sdk_win_64/winavr/bin/../lib/gcc/avr/4.3.3/avr5\libgcc.a(_copy_data.o)
 .bss           0x008000bc        0x0 e:/embedded_systems/00_imt_avr_diploma/00-tools/01-imt sdk/imt_sdk_win_64/winavr/bin/../lib/gcc/avr/4.3.3/avr5\libgcc.a(_clear_bss.o)
 .bss           0x008000bc        0x0 e:/embedded_systems/00_imt_avr_diploma/00-tools/01-imt sdk/imt_sdk_win_64/winavr/bin/../lib/gcc/avr/4.3.3/avr5\libgcc.a(_fixunssfsi.o)
 .bss           0x008000bc        0x0 e:/embedded_systems/00_imt_avr_diploma/00-tools/01-imt sdk/imt_sdk_win_64/winavr/bin/../lib/gcc/avr/4.3.3/avr5\libgcc.a(_addsub_sf.o)
 .bss           0x008000bc        0x0 e:/embedded_systems/00_imt_avr_diploma/00-tools/01-imt sdk/imt_sdk_win_64/winavr/bin/../lib/gcc/avr/4.3.3/avr5\libgcc.a(_mul_sf.o)
 .bss           0x008000bc        0x0 e:/embedded_systems/00_imt_avr_diploma/00-tools/01-imt sdk/imt_sdk_win_64/winavr/bin/../lib/gcc/avr/4.3.3/avr5\libgcc.a(_gt_sf.o)
 .bss           0x008000bc        0x0 e:/embedded_systems/00_imt_avr_diploma/00-tools/01-imt sdk/imt_sdk_win_64/winavr/bin/../lib/gcc/avr/4.3.3/avr5\libgcc.a(_ge_sf.o)
 .bss           0x008000bc        0x0 e:/embedded_systems/00_imt_avr_diploma/00-tools/01-imt sdk/imt_sdk_win_64/winavr/bin/../lib/gcc/avr/4.3.3/avr5\libgcc.a(_lt_sf.o)
 .bss           0x008000bc        0x0 e:/embedded_systems/00_imt_avr_diploma/00-tools/01-imt sdk/imt_sdk_win_64/winavr/bin/../lib/gcc/avr/4.3.3/avr5\libgcc.a(_sf_to_si.o)
 .bss           0x008000bc        0x0 e:/embedded_systems/00_imt_avr_diploma/00-tools/01-imt sdk/imt_sdk_win_64/winavr/bin/../lib/gcc/avr/4.3.3/avr5\libgcc.a(_thenan_sf.o)
 .bss           0x008000bc        0x0 e:/embedded_systems/00_imt_avr_diploma/00-tools/01-imt sdk/imt_sdk_win_64/winavr/bin/../lib/gcc/avr/4.3.3/avr5\libgcc.a(_prologue.o)
 .bss           0x008000bc        0x0 e:/embedded_systems/00_imt_avr_diploma/00-tools/01-imt sdk/imt_sdk_win_64/winavr/bin/../lib/gcc/avr/4.3.3/avr5\libgcc.a(_epilogue.o)
 .bss           0x008000bc        0x0 e:/embedded_systems/00_imt_avr_diploma/00-tools/01-imt sdk/imt_sdk_win_64/winavr/bin/../lib/gcc/avr/4.3.3/avr5\libgcc.a(_pack_sf.o)
 .bss           0x008000bc        0x0 e:/embedded_systems/00_imt_avr_diploma/00-tools/01-imt sdk/imt_sdk_win_64/winavr/bin/../lib/gcc/avr/4.3.3/avr5\libgcc.a(_unpack_sf.o)
 .bss           0x008000bc        0x0 e:/embedded_systems/00_imt_avr_diploma/00-tools/01-imt sdk/imt_sdk_win_64/winavr/bin/../lib/gcc/avr/4.3.3/avr5\libgcc.a(_fpcmp_parts_sf.o)
 *(.bss*)
 .bss.EXTI_pvInt0Func
                0x008000bc        0x2 ./EXTI_program.o
                0x008000bc                EXTI_pvInt0Func
 .bss.EXTI_pvInt1Func
                0x008000be        0x2 ./EXTI_program.o
                0x008000be                EXTI_pvInt1Func
 .bss.EXTI_pvInt2Func
                0x008000c0        0x2 ./EXTI_program.o
                0x008000c0                EXTI_pvInt2Func
 .bss.Bat1_Pos  0x008000c2        0x1 ./main.o
                0x008000c2                Bat1_Pos
 .bss.Bat2_Pos  0x008000c3        0x1 ./main.o
                0x008000c3                Bat2_Pos
 *(COMMON)
                0x008000c4                PROVIDE (__bss_end, .)
                0x0000266e                __data_load_start = LOADADDR (.data)
                0x000026ca                __data_load_end = (__data_load_start + SIZEOF (.data))

.noinit         0x008000c4        0x0
                0x008000c4                PROVIDE (__noinit_start, .)
 *(.noinit*)
                0x008000c4                PROVIDE (__noinit_end, .)
                0x008000c4                _end = .
                0x008000c4                PROVIDE (__heap_start, .)

.eeprom         0x00810000        0x0
 *(.eeprom*)
                0x00810000                __eeprom_end = .

.fuse
 *(.fuse)
 *(.lfuse)
 *(.hfuse)
 *(.efuse)

.lock
 *(.lock*)

.signature
 *(.signature*)

.stab           0x00000000     0x246c
 *(.stab)
 .stab          0x00000000      0xa38 ./CLCD_program.o
 .stab          0x00000a38      0x498 ./DIO_program.o
                                0x51c (size before relaxing)
 .stab          0x00000ed0      0x768 ./EXTI_program.o
                                0x7ec (size before relaxing)
 .stab          0x00001638      0x144 ./GIE_program.o
                                0x1c8 (size before relaxing)
 .stab          0x0000177c      0x240 ./KPD_program.o
                                0x2c4 (size before relaxing)
 .stab          0x000019bc      0x168 ./PORT_program.o
                                0x1ec (size before relaxing)
 .stab          0x00001b24      0x948 ./main.o
                                0xb58 (size before relaxing)

.stabstr        0x00000000      0xfb6
 *(.stabstr)
 .stabstr       0x00000000      0xfb6 ./CLCD_program.o

.stab.excl
 *(.stab.excl)

.stab.exclstr
 *(.stab.exclstr)

.stab.index
 *(.stab.index)

.stab.indexstr
 *(.stab.indexstr)

.comment
 *(.comment)

.debug
 *(.debug)

.line
 *(.line)

.debug_srcinfo
 *(.debug_srcinfo)

.debug_sfnames
 *(.debug_sfnames)

.debug_aranges  0x00000000      0x140
 *(.debug_aranges)
 .debug_aranges
                0x00000000       0x20 e:/embedded_systems/00_imt_avr_diploma/00-tools/01-imt sdk/imt_sdk_win_64/winavr/bin/../lib/gcc/avr/4.3.3/avr5\libgcc.a(_fixunssfsi.o)
 .debug_aranges
                0x00000020       0x20 e:/embedded_systems/00_imt_avr_diploma/00-tools/01-imt sdk/imt_sdk_win_64/winavr/bin/../lib/gcc/avr/4.3.3/avr5\libgcc.a(_addsub_sf.o)
 .debug_aranges
                0x00000040       0x20 e:/embedded_systems/00_imt_avr_diploma/00-tools/01-imt sdk/imt_sdk_win_64/winavr/bin/../lib/gcc/avr/4.3.3/avr5\libgcc.a(_mul_sf.o)
 .debug_aranges
                0x00000060       0x20 e:/embedded_systems/00_imt_avr_diploma/00-tools/01-imt sdk/imt_sdk_win_64/winavr/bin/../lib/gcc/avr/4.3.3/avr5\libgcc.a(_gt_sf.o)
 .debug_aranges
                0x00000080       0x20 e:/embedded_systems/00_imt_avr_diploma/00-tools/01-imt sdk/imt_sdk_win_64/winavr/bin/../lib/gcc/avr/4.3.3/avr5\libgcc.a(_ge_sf.o)
 .debug_aranges
                0x000000a0       0x20 e:/embedded_systems/00_imt_avr_diploma/00-tools/01-imt sdk/imt_sdk_win_64/winavr/bin/../lib/gcc/avr/4.3.3/avr5\libgcc.a(_lt_sf.o)
 .debug_aranges
                0x000000c0       0x20 e:/embedded_systems/00_imt_avr_diploma/00-tools/01-imt sdk/imt_sdk_win_64/winavr/bin/../lib/gcc/avr/4.3.3/avr5\libgcc.a(_sf_to_si.o)
 .debug_aranges
                0x000000e0       0x20 e:/embedded_systems/00_imt_avr_diploma/00-tools/01-imt sdk/imt_sdk_win_64/winavr/bin/../lib/gcc/avr/4.3.3/avr5\libgcc.a(_pack_sf.o)
 .debug_aranges
                0x00000100       0x20 e:/embedded_systems/00_imt_avr_diploma/00-tools/01-imt sdk/imt_sdk_win_64/winavr/bin/../lib/gcc/avr/4.3.3/avr5\libgcc.a(_unpack_sf.o)
 .debug_aranges
                0x00000120       0x20 e:/embedded_systems/00_imt_avr_diploma/00-tools/01-imt sdk/imt_sdk_win_64/winavr/bin/../lib/gcc/avr/4.3.3/avr5\libgcc.a(_fpcmp_parts_sf.o)

.debug_pubnames
                0x00000000      0x170
 *(.debug_pubnames)
 .debug_pubnames
                0x00000000       0x23 e:/embedded_systems/00_imt_avr_diploma/00-tools/01-imt sdk/imt_sdk_win_64/winavr/bin/../lib/gcc/avr/4.3.3/avr5\libgcc.a(_fixunssfsi.o)
 .debug_pubnames
                0x00000023       0x2c e:/embedded_systems/00_imt_avr_diploma/00-tools/01-imt sdk/imt_sdk_win_64/winavr/bin/../lib/gcc/avr/4.3.3/avr5\libgcc.a(_addsub_sf.o)
 .debug_pubnames
                0x0000004f       0x1f e:/embedded_systems/00_imt_avr_diploma/00-tools/01-imt sdk/imt_sdk_win_64/winavr/bin/../lib/gcc/avr/4.3.3/avr5\libgcc.a(_mul_sf.o)
 .debug_pubnames
                0x0000006e       0x1e e:/embedded_systems/00_imt_avr_diploma/00-tools/01-imt sdk/imt_sdk_win_64/winavr/bin/../lib/gcc/avr/4.3.3/avr5\libgcc.a(_gt_sf.o)
 .debug_pubnames
                0x0000008c       0x1e e:/embedded_systems/00_imt_avr_diploma/00-tools/01-imt sdk/imt_sdk_win_64/winavr/bin/../lib/gcc/avr/4.3.3/avr5\libgcc.a(_ge_sf.o)
 .debug_pubnames
                0x000000aa       0x1e e:/embedded_systems/00_imt_avr_diploma/00-tools/01-imt sdk/imt_sdk_win_64/winavr/bin/../lib/gcc/avr/4.3.3/avr5\libgcc.a(_lt_sf.o)
 .debug_pubnames
                0x000000c8       0x20 e:/embedded_systems/00_imt_avr_diploma/00-tools/01-imt sdk/imt_sdk_win_64/winavr/bin/../lib/gcc/avr/4.3.3/avr5\libgcc.a(_sf_to_si.o)
 .debug_pubnames
                0x000000e8       0x22 e:/embedded_systems/00_imt_avr_diploma/00-tools/01-imt sdk/imt_sdk_win_64/winavr/bin/../lib/gcc/avr/4.3.3/avr5\libgcc.a(_thenan_sf.o)
 .debug_pubnames
                0x0000010a       0x1f e:/embedded_systems/00_imt_avr_diploma/00-tools/01-imt sdk/imt_sdk_win_64/winavr/bin/../lib/gcc/avr/4.3.3/avr5\libgcc.a(_pack_sf.o)
 .debug_pubnames
                0x00000129       0x21 e:/embedded_systems/00_imt_avr_diploma/00-tools/01-imt sdk/imt_sdk_win_64/winavr/bin/../lib/gcc/avr/4.3.3/avr5\libgcc.a(_unpack_sf.o)
 .debug_pubnames
                0x0000014a       0x26 e:/embedded_systems/00_imt_avr_diploma/00-tools/01-imt sdk/imt_sdk_win_64/winavr/bin/../lib/gcc/avr/4.3.3/avr5\libgcc.a(_fpcmp_parts_sf.o)

.debug_info     0x00000000     0x1c49
 *(.debug_info)
 .debug_info    0x00000000       0xb1 e:/embedded_systems/00_imt_avr_diploma/00-tools/01-imt sdk/imt_sdk_win_64/winavr/bin/../lib/gcc/avr/4.3.3/avr5\libgcc.a(_fixunssfsi.o)
 .debug_info    0x000000b1      0x47a e:/embedded_systems/00_imt_avr_diploma/00-tools/01-imt sdk/imt_sdk_win_64/winavr/bin/../lib/gcc/avr/4.3.3/avr5\libgcc.a(_addsub_sf.o)
 .debug_info    0x0000052b      0x485 e:/embedded_systems/00_imt_avr_diploma/00-tools/01-imt sdk/imt_sdk_win_64/winavr/bin/../lib/gcc/avr/4.3.3/avr5\libgcc.a(_mul_sf.o)
 .debug_info    0x000009b0      0x27f e:/embedded_systems/00_imt_avr_diploma/00-tools/01-imt sdk/imt_sdk_win_64/winavr/bin/../lib/gcc/avr/4.3.3/avr5\libgcc.a(_gt_sf.o)
 .debug_info    0x00000c2f      0x27f e:/embedded_systems/00_imt_avr_diploma/00-tools/01-imt sdk/imt_sdk_win_64/winavr/bin/../lib/gcc/avr/4.3.3/avr5\libgcc.a(_ge_sf.o)
 .debug_info    0x00000eae      0x27f e:/embedded_systems/00_imt_avr_diploma/00-tools/01-imt sdk/imt_sdk_win_64/winavr/bin/../lib/gcc/avr/4.3.3/avr5\libgcc.a(_lt_sf.o)
 .debug_info    0x0000112d      0x2b0 e:/embedded_systems/00_imt_avr_diploma/00-tools/01-imt sdk/imt_sdk_win_64/winavr/bin/../lib/gcc/avr/4.3.3/avr5\libgcc.a(_sf_to_si.o)
 .debug_info    0x000013dd      0x12c e:/embedded_systems/00_imt_avr_diploma/00-tools/01-imt sdk/imt_sdk_win_64/winavr/bin/../lib/gcc/avr/4.3.3/avr5\libgcc.a(_thenan_sf.o)
 .debug_info    0x00001509      0x2df e:/embedded_systems/00_imt_avr_diploma/00-tools/01-imt sdk/imt_sdk_win_64/winavr/bin/../lib/gcc/avr/4.3.3/avr5\libgcc.a(_pack_sf.o)
 .debug_info    0x000017e8      0x251 e:/embedded_systems/00_imt_avr_diploma/00-tools/01-imt sdk/imt_sdk_win_64/winavr/bin/../lib/gcc/avr/4.3.3/avr5\libgcc.a(_unpack_sf.o)
 .debug_info    0x00001a39      0x210 e:/embedded_systems/00_imt_avr_diploma/00-tools/01-imt sdk/imt_sdk_win_64/winavr/bin/../lib/gcc/avr/4.3.3/avr5\libgcc.a(_fpcmp_parts_sf.o)
 *(.gnu.linkonce.wi.*)

.debug_abbrev   0x00000000      0xeeb
 *(.debug_abbrev)
 .debug_abbrev  0x00000000       0x5d e:/embedded_systems/00_imt_avr_diploma/00-tools/01-imt sdk/imt_sdk_win_64/winavr/bin/../lib/gcc/avr/4.3.3/avr5\libgcc.a(_fixunssfsi.o)
 .debug_abbrev  0x0000005d      0x1ea e:/embedded_systems/00_imt_avr_diploma/00-tools/01-imt sdk/imt_sdk_win_64/winavr/bin/../lib/gcc/avr/4.3.3/avr5\libgcc.a(_addsub_sf.o)
 .debug_abbrev  0x00000247      0x21b e:/embedded_systems/00_imt_avr_diploma/00-tools/01-imt sdk/imt_sdk_win_64/winavr/bin/../lib/gcc/avr/4.3.3/avr5\libgcc.a(_mul_sf.o)
 .debug_abbrev  0x00000462      0x15a e:/embedded_systems/00_imt_avr_diploma/00-tools/01-imt sdk/imt_sdk_win_64/winavr/bin/../lib/gcc/avr/4.3.3/avr5\libgcc.a(_gt_sf.o)
 .debug_abbrev  0x000005bc      0x15a e:/embedded_systems/00_imt_avr_diploma/00-tools/01-imt sdk/imt_sdk_win_64/winavr/bin/../lib/gcc/avr/4.3.3/avr5\libgcc.a(_ge_sf.o)
 .debug_abbrev  0x00000716      0x15a e:/embedded_systems/00_imt_avr_diploma/00-tools/01-imt sdk/imt_sdk_win_64/winavr/bin/../lib/gcc/avr/4.3.3/avr5\libgcc.a(_lt_sf.o)
 .debug_abbrev  0x00000870      0x17f e:/embedded_systems/00_imt_avr_diploma/00-tools/01-imt sdk/imt_sdk_win_64/winavr/bin/../lib/gcc/avr/4.3.3/avr5\libgcc.a(_sf_to_si.o)
 .debug_abbrev  0x000009ef       0xad e:/embedded_systems/00_imt_avr_diploma/00-tools/01-imt sdk/imt_sdk_win_64/winavr/bin/../lib/gcc/avr/4.3.3/avr5\libgcc.a(_thenan_sf.o)
 .debug_abbrev  0x00000a9c      0x1c0 e:/embedded_systems/00_imt_avr_diploma/00-tools/01-imt sdk/imt_sdk_win_64/winavr/bin/../lib/gcc/avr/4.3.3/avr5\libgcc.a(_pack_sf.o)
 .debug_abbrev  0x00000c5c      0x154 e:/embedded_systems/00_imt_avr_diploma/00-tools/01-imt sdk/imt_sdk_win_64/winavr/bin/../lib/gcc/avr/4.3.3/avr5\libgcc.a(_unpack_sf.o)
 .debug_abbrev  0x00000db0      0x13b e:/embedded_systems/00_imt_avr_diploma/00-tools/01-imt sdk/imt_sdk_win_64/winavr/bin/../lib/gcc/avr/4.3.3/avr5\libgcc.a(_fpcmp_parts_sf.o)

.debug_line     0x00000000      0xdad
 *(.debug_line)
 .debug_line    0x00000000       0xa7 e:/embedded_systems/00_imt_avr_diploma/00-tools/01-imt sdk/imt_sdk_win_64/winavr/bin/../lib/gcc/avr/4.3.3/avr5\libgcc.a(_fixunssfsi.o)
 .debug_line    0x000000a7      0x2af e:/embedded_systems/00_imt_avr_diploma/00-tools/01-imt sdk/imt_sdk_win_64/winavr/bin/../lib/gcc/avr/4.3.3/avr5\libgcc.a(_addsub_sf.o)
 .debug_line    0x00000356      0x239 e:/embedded_systems/00_imt_avr_diploma/00-tools/01-imt sdk/imt_sdk_win_64/winavr/bin/../lib/gcc/avr/4.3.3/avr5\libgcc.a(_mul_sf.o)
 .debug_line    0x0000058f       0xd3 e:/embedded_systems/00_imt_avr_diploma/00-tools/01-imt sdk/imt_sdk_win_64/winavr/bin/../lib/gcc/avr/4.3.3/avr5\libgcc.a(_gt_sf.o)
 .debug_line    0x00000662       0xd3 e:/embedded_systems/00_imt_avr_diploma/00-tools/01-imt sdk/imt_sdk_win_64/winavr/bin/../lib/gcc/avr/4.3.3/avr5\libgcc.a(_ge_sf.o)
 .debug_line    0x00000735       0xd3 e:/embedded_systems/00_imt_avr_diploma/00-tools/01-imt sdk/imt_sdk_win_64/winavr/bin/../lib/gcc/avr/4.3.3/avr5\libgcc.a(_lt_sf.o)
 .debug_line    0x00000808      0x109 e:/embedded_systems/00_imt_avr_diploma/00-tools/01-imt sdk/imt_sdk_win_64/winavr/bin/../lib/gcc/avr/4.3.3/avr5\libgcc.a(_sf_to_si.o)
 .debug_line    0x00000911       0x90 e:/embedded_systems/00_imt_avr_diploma/00-tools/01-imt sdk/imt_sdk_win_64/winavr/bin/../lib/gcc/avr/4.3.3/avr5\libgcc.a(_thenan_sf.o)
 .debug_line    0x000009a1      0x18a e:/embedded_systems/00_imt_avr_diploma/00-tools/01-imt sdk/imt_sdk_win_64/winavr/bin/../lib/gcc/avr/4.3.3/avr5\libgcc.a(_pack_sf.o)
 .debug_line    0x00000b2b      0x14b e:/embedded_systems/00_imt_avr_diploma/00-tools/01-imt sdk/imt_sdk_win_64/winavr/bin/../lib/gcc/avr/4.3.3/avr5\libgcc.a(_unpack_sf.o)
 .debug_line    0x00000c76      0x137 e:/embedded_systems/00_imt_avr_diploma/00-tools/01-imt sdk/imt_sdk_win_64/winavr/bin/../lib/gcc/avr/4.3.3/avr5\libgcc.a(_fpcmp_parts_sf.o)

.debug_frame    0x00000000      0x160
 *(.debug_frame)
 .debug_frame   0x00000000       0x20 e:/embedded_systems/00_imt_avr_diploma/00-tools/01-imt sdk/imt_sdk_win_64/winavr/bin/../lib/gcc/avr/4.3.3/avr5\libgcc.a(_fixunssfsi.o)
 .debug_frame   0x00000020       0x40 e:/embedded_systems/00_imt_avr_diploma/00-tools/01-imt sdk/imt_sdk_win_64/winavr/bin/../lib/gcc/avr/4.3.3/avr5\libgcc.a(_addsub_sf.o)
 .debug_frame   0x00000060       0x20 e:/embedded_systems/00_imt_avr_diploma/00-tools/01-imt sdk/imt_sdk_win_64/winavr/bin/../lib/gcc/avr/4.3.3/avr5\libgcc.a(_mul_sf.o)
 .debug_frame   0x00000080       0x20 e:/embedded_systems/00_imt_avr_diploma/00-tools/01-imt sdk/imt_sdk_win_64/winavr/bin/../lib/gcc/avr/4.3.3/avr5\libgcc.a(_gt_sf.o)
 .debug_frame   0x000000a0       0x20 e:/embedded_systems/00_imt_avr_diploma/00-tools/01-imt sdk/imt_sdk_win_64/winavr/bin/../lib/gcc/avr/4.3.3/avr5\libgcc.a(_ge_sf.o)
 .debug_frame   0x000000c0       0x20 e:/embedded_systems/00_imt_avr_diploma/00-tools/01-imt sdk/imt_sdk_win_64/winavr/bin/../lib/gcc/avr/4.3.3/avr5\libgcc.a(_lt_sf.o)
 .debug_frame   0x000000e0       0x20 e:/embedded_systems/00_imt_avr_diploma/00-tools/01-imt sdk/imt_sdk_win_64/winavr/bin/../lib/gcc/avr/4.3.3/avr5\libgcc.a(_sf_to_si.o)
 .debug_frame   0x00000100       0x20 e:/embedded_systems/00_imt_avr_diploma/00-tools/01-imt sdk/imt_sdk_win_64/winavr/bin/../lib/gcc/avr/4.3.3/avr5\libgcc.a(_pack_sf.o)
 .debug_frame   0x00000120       0x20 e:/embedded_systems/00_imt_avr_diploma/00-tools/01-imt sdk/imt_sdk_win_64/winavr/bin/../lib/gcc/avr/4.3.3/avr5\libgcc.a(_unpack_sf.o)
 .debug_frame   0x00000140       0x20 e:/embedded_systems/00_imt_avr_diploma/00-tools/01-imt sdk/imt_sdk_win_64/winavr/bin/../lib/gcc/avr/4.3.3/avr5\libgcc.a(_fpcmp_parts_sf.o)

.debug_str      0x00000000      0x28d
 *(.debug_str)
 .debug_str     0x00000000       0xbf e:/embedded_systems/00_imt_avr_diploma/00-tools/01-imt sdk/imt_sdk_win_64/winavr/bin/../lib/gcc/avr/4.3.3/avr5\libgcc.a(_fixunssfsi.o)
                                 0xfe (size before relaxing)
 .debug_str     0x000000bf      0x14d e:/embedded_systems/00_imt_avr_diploma/00-tools/01-imt sdk/imt_sdk_win_64/winavr/bin/../lib/gcc/avr/4.3.3/avr5\libgcc.a(_addsub_sf.o)
                                0x206 (size before relaxing)
 .debug_str     0x0000020c       0x27 e:/embedded_systems/00_imt_avr_diploma/00-tools/01-imt sdk/imt_sdk_win_64/winavr/bin/../lib/gcc/avr/4.3.3/avr5\libgcc.a(_mul_sf.o)
                                0x1bf (size before relaxing)
 .debug_str     0x00000233        0xf e:/embedded_systems/00_imt_avr_diploma/00-tools/01-imt sdk/imt_sdk_win_64/winavr/bin/../lib/gcc/avr/4.3.3/avr5\libgcc.a(_gt_sf.o)
                                0x195 (size before relaxing)
 .debug_str     0x00000242        0x8 e:/embedded_systems/00_imt_avr_diploma/00-tools/01-imt sdk/imt_sdk_win_64/winavr/bin/../lib/gcc/avr/4.3.3/avr5\libgcc.a(_ge_sf.o)
                                0x195 (size before relaxing)
 .debug_str     0x0000024a        0x8 e:/embedded_systems/00_imt_avr_diploma/00-tools/01-imt sdk/imt_sdk_win_64/winavr/bin/../lib/gcc/avr/4.3.3/avr5\libgcc.a(_lt_sf.o)
                                0x195 (size before relaxing)
 .debug_str     0x00000252        0xa e:/embedded_systems/00_imt_avr_diploma/00-tools/01-imt sdk/imt_sdk_win_64/winavr/bin/../lib/gcc/avr/4.3.3/avr5\libgcc.a(_sf_to_si.o)
                                0x19e (size before relaxing)
 .debug_str     0x00000000      0x103 e:/embedded_systems/00_imt_avr_diploma/00-tools/01-imt sdk/imt_sdk_win_64/winavr/bin/../lib/gcc/avr/4.3.3/avr5\libgcc.a(_thenan_sf.o)
 .debug_str     0x0000025c       0x16 e:/embedded_systems/00_imt_avr_diploma/00-tools/01-imt sdk/imt_sdk_win_64/winavr/bin/../lib/gcc/avr/4.3.3/avr5\libgcc.a(_pack_sf.o)
                                0x19d (size before relaxing)
 .debug_str     0x00000272        0xb e:/embedded_systems/00_imt_avr_diploma/00-tools/01-imt sdk/imt_sdk_win_64/winavr/bin/../lib/gcc/avr/4.3.3/avr5\libgcc.a(_unpack_sf.o)
                                0x17f (size before relaxing)
 .debug_str     0x0000027d       0x10 e:/embedded_systems/00_imt_avr_diploma/00-tools/01-imt sdk/imt_sdk_win_64/winavr/bin/../lib/gcc/avr/4.3.3/avr5\libgcc.a(_fpcmp_parts_sf.o)
                                0x163 (size before relaxing)

.debug_loc      0x00000000      0x7ce
 *(.debug_loc)
 .debug_loc     0x00000000       0x34 e:/embedded_systems/00_imt_avr_diploma/00-tools/01-imt sdk/imt_sdk_win_64/winavr/bin/../lib/gcc/avr/4.3.3/avr5\libgcc.a(_fixunssfsi.o)
 .debug_loc     0x00000034      0x32a e:/embedded_systems/00_imt_avr_diploma/00-tools/01-imt sdk/imt_sdk_win_64/winavr/bin/../lib/gcc/avr/4.3.3/avr5\libgcc.a(_addsub_sf.o)
 .debug_loc     0x0000035e      0x104 e:/embedded_systems/00_imt_avr_diploma/00-tools/01-imt sdk/imt_sdk_win_64/winavr/bin/../lib/gcc/avr/4.3.3/avr5\libgcc.a(_mul_sf.o)
 .debug_loc     0x00000462       0x3c e:/embedded_systems/00_imt_avr_diploma/00-tools/01-imt sdk/imt_sdk_win_64/winavr/bin/../lib/gcc/avr/4.3.3/avr5\libgcc.a(_gt_sf.o)
 .debug_loc     0x0000049e       0x3c e:/embedded_systems/00_imt_avr_diploma/00-tools/01-imt sdk/imt_sdk_win_64/winavr/bin/../lib/gcc/avr/4.3.3/avr5\libgcc.a(_ge_sf.o)
 .debug_loc     0x000004da       0x3c e:/embedded_systems/00_imt_avr_diploma/00-tools/01-imt sdk/imt_sdk_win_64/winavr/bin/../lib/gcc/avr/4.3.3/avr5\libgcc.a(_lt_sf.o)
 .debug_loc     0x00000516       0x7e e:/embedded_systems/00_imt_avr_diploma/00-tools/01-imt sdk/imt_sdk_win_64/winavr/bin/../lib/gcc/avr/4.3.3/avr5\libgcc.a(_sf_to_si.o)
 .debug_loc     0x00000594      0x13e e:/embedded_systems/00_imt_avr_diploma/00-tools/01-imt sdk/imt_sdk_win_64/winavr/bin/../lib/gcc/avr/4.3.3/avr5\libgcc.a(_pack_sf.o)
 .debug_loc     0x000006d2       0xac e:/embedded_systems/00_imt_avr_diploma/00-tools/01-imt sdk/imt_sdk_win_64/winavr/bin/../lib/gcc/avr/4.3.3/avr5\libgcc.a(_unpack_sf.o)
 .debug_loc     0x0000077e       0x50 e:/embedded_systems/00_imt_avr_diploma/00-tools/01-imt sdk/imt_sdk_win_64/winavr/bin/../lib/gcc/avr/4.3.3/avr5\libgcc.a(_fpcmp_parts_sf.o)

.debug_macinfo
 *(.debug_macinfo)
OUTPUT(EXTI.elf elf32-avr)
LOAD linker stubs

.debug_ranges   0x00000000       0x50
 .debug_ranges  0x00000000       0x50 e:/embedded_systems/00_imt_avr_diploma/00-tools/01-imt sdk/imt_sdk_win_64/winavr/bin/../lib/gcc/avr/4.3.3/avr5\libgcc.a(_mul_sf.o)
