Archive member included because of file (symbol)

e:/embedded_systems/00_imt_avr_diploma/00-tools/01-imt sdk/imt_sdk_win_64/winavr/bin/../lib/gcc/avr/4.3.3/avr5\libgcc.a(_mulsi3.o)
                              ./MATH_HELPER.o (__mulsi3)
e:/embedded_systems/00_imt_avr_diploma/00-tools/01-imt sdk/imt_sdk_win_64/winavr/bin/../lib/gcc/avr/4.3.3/avr5\libgcc.a(_udivmodsi4.o)
                              ./TIMER_program.o (__udivmodsi4)
e:/embedded_systems/00_imt_avr_diploma/00-tools/01-imt sdk/imt_sdk_win_64/winavr/bin/../lib/gcc/avr/4.3.3/avr5\libgcc.a(_divmodsi4.o)
                              ./MATH_HELPER.o (__divmodsi4)
e:/embedded_systems/00_imt_avr_diploma/00-tools/01-imt sdk/imt_sdk_win_64/winavr/bin/../lib/gcc/avr/4.3.3/avr5\libgcc.a(_exit.o)
                              e:/embedded_systems/00_imt_avr_diploma/00-tools/01-imt sdk/imt_sdk_win_64/winavr/bin/../lib/gcc/avr/4.3.3/../../../../avr/lib/avr5/crtm32.o (exit)
e:/embedded_systems/00_imt_avr_diploma/00-tools/01-imt sdk/imt_sdk_win_64/winavr/bin/../lib/gcc/avr/4.3.3/avr5\libgcc.a(_copy_data.o)
                              ./SSD_program.o (__do_copy_data)
e:/embedded_systems/00_imt_avr_diploma/00-tools/01-imt sdk/imt_sdk_win_64/winavr/bin/../lib/gcc/avr/4.3.3/avr5\libgcc.a(_clear_bss.o)
                              ./ADC_program.o (__do_clear_bss)

Memory Configuration

Name             Origin             Length             Attributes
text             0x00000000         0x00020000         xr
data             0x00800060         0x0000ffa0         rw !x
eeprom           0x00810000         0x00010000         rw !x
fuse             0x00820000         0x00000400         rw !x
lock             0x00830000         0x00000400         rw !x
signature        0x00840000         0x00000400         rw !x
*default*        0x00000000         0xffffffff

Linker script and memory map

LOAD e:/embedded_systems/00_imt_avr_diploma/00-tools/01-imt sdk/imt_sdk_win_64/winavr/bin/../lib/gcc/avr/4.3.3/../../../../avr/lib/avr5/crtm32.o
LOAD ./ADC_program.o
LOAD ./DIO_program.o
LOAD ./GIE_program.o
LOAD ./MATH_HELPER.o
LOAD ./PORT_program.o
LOAD ./PWM_program.o
LOAD ./SSD_program.o
LOAD ./TIMER_program.o
LOAD ./main.o
LOAD e:/embedded_systems/00_imt_avr_diploma/00-tools/01-imt sdk/imt_sdk_win_64/winavr/bin/../lib/gcc/avr/4.3.3/avr5\libgcc.a
LOAD e:/embedded_systems/00_imt_avr_diploma/00-tools/01-imt sdk/imt_sdk_win_64/winavr/bin/../lib/gcc/avr/4.3.3/../../../../avr/lib/avr5\libc.a
LOAD e:/embedded_systems/00_imt_avr_diploma/00-tools/01-imt sdk/imt_sdk_win_64/winavr/bin/../lib/gcc/avr/4.3.3/avr5\libgcc.a

.hash
 *(.hash)

.dynsym
 *(.dynsym)

.dynstr
 *(.dynstr)

.gnu.version
 *(.gnu.version)

.gnu.version_d
 *(.gnu.version_d)

.gnu.version_r
 *(.gnu.version_r)

.rel.init
 *(.rel.init)

.rela.init
 *(.rela.init)

.rel.text
 *(.rel.text)
 *(.rel.text.*)
 *(.rel.gnu.linkonce.t*)

.rela.text
 *(.rela.text)
 *(.rela.text.*)
 *(.rela.gnu.linkonce.t*)

.rel.fini
 *(.rel.fini)

.rela.fini
 *(.rela.fini)

.rel.rodata
 *(.rel.rodata)
 *(.rel.rodata.*)
 *(.rel.gnu.linkonce.r*)

.rela.rodata
 *(.rela.rodata)
 *(.rela.rodata.*)
 *(.rela.gnu.linkonce.r*)

.rel.data
 *(.rel.data)
 *(.rel.data.*)
 *(.rel.gnu.linkonce.d*)

.rela.data
 *(.rela.data)
 *(.rela.data.*)
 *(.rela.gnu.linkonce.d*)

.rel.ctors
 *(.rel.ctors)

.rela.ctors
 *(.rela.ctors)

.rel.dtors
 *(.rel.dtors)

.rela.dtors
 *(.rela.dtors)

.rel.got
 *(.rel.got)

.rela.got
 *(.rela.got)

.rel.bss
 *(.rel.bss)

.rela.bss
 *(.rela.bss)

.rel.plt
 *(.rel.plt)

.rela.plt
 *(.rela.plt)

.text           0x00000000     0x21fc
 *(.vectors)
 .vectors       0x00000000       0x54 e:/embedded_systems/00_imt_avr_diploma/00-tools/01-imt sdk/imt_sdk_win_64/winavr/bin/../lib/gcc/avr/4.3.3/../../../../avr/lib/avr5/crtm32.o
                0x00000000                __vectors
                0x00000000                __vector_default
 *(.vectors)
 *(.progmem.gcc*)
 *(.progmem*)
                0x00000054                . = ALIGN (0x2)
                0x00000054                __trampolines_start = .
 *(.trampolines)
 .trampolines   0x00000054        0x0 linker stubs
 *(.trampolines*)
                0x00000054                __trampolines_end = .
 *(.jumptables)
 *(.jumptables*)
 *(.lowtext)
 *(.lowtext*)
                0x00000054                __ctors_start = .
 *(.ctors)
                0x00000054                __ctors_end = .
                0x00000054                __dtors_start = .
 *(.dtors)
                0x00000054                __dtors_end = .
 SORT(*)(.ctors)
 SORT(*)(.dtors)
 *(.init0)
 .init0         0x00000054        0x0 e:/embedded_systems/00_imt_avr_diploma/00-tools/01-imt sdk/imt_sdk_win_64/winavr/bin/../lib/gcc/avr/4.3.3/../../../../avr/lib/avr5/crtm32.o
                0x00000054                __init
 *(.init0)
 *(.init1)
 *(.init1)
 *(.init2)
 .init2         0x00000054        0xc e:/embedded_systems/00_imt_avr_diploma/00-tools/01-imt sdk/imt_sdk_win_64/winavr/bin/../lib/gcc/avr/4.3.3/../../../../avr/lib/avr5/crtm32.o
 *(.init2)
 *(.init3)
 *(.init3)
 *(.init4)
 .init4         0x00000060       0x16 e:/embedded_systems/00_imt_avr_diploma/00-tools/01-imt sdk/imt_sdk_win_64/winavr/bin/../lib/gcc/avr/4.3.3/avr5\libgcc.a(_copy_data.o)
                0x00000060                __do_copy_data
 .init4         0x00000076       0x10 e:/embedded_systems/00_imt_avr_diploma/00-tools/01-imt sdk/imt_sdk_win_64/winavr/bin/../lib/gcc/avr/4.3.3/avr5\libgcc.a(_clear_bss.o)
                0x00000076                __do_clear_bss
 *(.init4)
 *(.init5)
 *(.init5)
 *(.init6)
 *(.init6)
 *(.init7)
 *(.init7)
 *(.init8)
 *(.init8)
 *(.init9)
 .init9         0x00000086        0x8 e:/embedded_systems/00_imt_avr_diploma/00-tools/01-imt sdk/imt_sdk_win_64/winavr/bin/../lib/gcc/avr/4.3.3/../../../../avr/lib/avr5/crtm32.o
 *(.init9)
 *(.text)
 .text          0x0000008e        0x4 e:/embedded_systems/00_imt_avr_diploma/00-tools/01-imt sdk/imt_sdk_win_64/winavr/bin/../lib/gcc/avr/4.3.3/../../../../avr/lib/avr5/crtm32.o
                0x0000008e                __vector_1
                0x0000008e                __vector_12
                0x0000008e                __bad_interrupt
                0x0000008e                __vector_3
                0x0000008e                __vector_13
                0x0000008e                __vector_17
                0x0000008e                __vector_19
                0x0000008e                __vector_2
                0x0000008e                __vector_15
                0x0000008e                __vector_14
                0x0000008e                __vector_18
                0x0000008e                __vector_20
 .text          0x00000092        0x0 ./ADC_program.o
 .text          0x00000092        0x0 ./DIO_program.o
 .text          0x00000092        0x0 ./GIE_program.o
 .text          0x00000092        0x0 ./MATH_HELPER.o
 .text          0x00000092        0x0 ./PORT_program.o
 .text          0x00000092        0x0 ./PWM_program.o
 .text          0x00000092        0x0 ./SSD_program.o
 .text          0x00000092        0x0 ./TIMER_program.o
 .text          0x00000092        0x0 ./main.o
 .text          0x00000092        0x0 e:/embedded_systems/00_imt_avr_diploma/00-tools/01-imt sdk/imt_sdk_win_64/winavr/bin/../lib/gcc/avr/4.3.3/avr5\libgcc.a(_mulsi3.o)
 .text          0x00000092        0x0 e:/embedded_systems/00_imt_avr_diploma/00-tools/01-imt sdk/imt_sdk_win_64/winavr/bin/../lib/gcc/avr/4.3.3/avr5\libgcc.a(_udivmodsi4.o)
 .text          0x00000092        0x0 e:/embedded_systems/00_imt_avr_diploma/00-tools/01-imt sdk/imt_sdk_win_64/winavr/bin/../lib/gcc/avr/4.3.3/avr5\libgcc.a(_divmodsi4.o)
 .text          0x00000092        0x0 e:/embedded_systems/00_imt_avr_diploma/00-tools/01-imt sdk/imt_sdk_win_64/winavr/bin/../lib/gcc/avr/4.3.3/avr5\libgcc.a(_exit.o)
 .text          0x00000092        0x0 e:/embedded_systems/00_imt_avr_diploma/00-tools/01-imt sdk/imt_sdk_win_64/winavr/bin/../lib/gcc/avr/4.3.3/avr5\libgcc.a(_copy_data.o)
 .text          0x00000092        0x0 e:/embedded_systems/00_imt_avr_diploma/00-tools/01-imt sdk/imt_sdk_win_64/winavr/bin/../lib/gcc/avr/4.3.3/avr5\libgcc.a(_clear_bss.o)
                0x00000092                . = ALIGN (0x2)
 *(.text.*)
 .text.ADC_voidInit
                0x00000092       0x7e ./ADC_program.o
                0x00000092                ADC_voidInit
 .text.ADC_u8StartConversionSynch
                0x00000110      0x110 ./ADC_program.o
                0x00000110                ADC_u8StartConversionSynch
 .text.ADC_u8StartConversionAsynch
                0x00000220       0xae ./ADC_program.o
                0x00000220                ADC_u8StartConversionAsynch
 .text.ADC_u8StartChainConversion
                0x000002ce       0xaa ./ADC_program.o
                0x000002ce                ADC_u8StartChainConversion
 .text.__vector_16
                0x00000378      0x14a ./ADC_program.o
                0x00000378                __vector_16
 .text.DIO_u8SetPinValue
                0x000004c2      0x224 ./DIO_program.o
                0x000004c2                DIO_u8SetPinValue
 .text.DIO_u8SetPortValue
                0x000006e6       0x90 ./DIO_program.o
                0x000006e6                DIO_u8SetPortValue
 .text.DIO_u8GetPinValue
                0x00000776      0x130 ./DIO_program.o
                0x00000776                DIO_u8GetPinValue
 .text.DIO_u8GetPortValue
                0x000008a6       0xa4 ./DIO_program.o
                0x000008a6                DIO_u8GetPortValue
 .text.DIO_u8TogglePinValue
                0x0000094a      0x116 ./DIO_program.o
                0x0000094a                DIO_u8TogglePinValue
 .text.GIE_voidEnable
                0x00000a60       0x1c ./GIE_program.o
                0x00000a60                GIE_voidEnable
 .text.GIE_voidDisable
                0x00000a7c       0x1c ./GIE_program.o
                0x00000a7c                GIE_voidDisable
 .text.MATH_u32Power
                0x00000a98       0xb0 ./MATH_HELPER.o
                0x00000a98                MATH_u32Power
 .text.MATH_s32Map
                0x00000b48       0xf2 ./MATH_HELPER.o
                0x00000b48                MATH_s32Map
 .text.PORT_voidInit
                0x00000c3a       0x4a ./PORT_program.o
                0x00000c3a                PORT_voidInit
 .text.PWM_voidGenerate
                0x00000c84      0x106 ./PWM_program.o
                0x00000c84                PWM_voidGenerate
 .text.SSD_u8SetNumber
                0x00000d8a       0x88 ./SSD_program.o
                0x00000d8a                SSD_u8SetNumber
 .text.SSD_u8Enable
                0x00000e12       0x64 ./SSD_program.o
                0x00000e12                SSD_u8Enable
 .text.SSD_u8Disable
                0x00000e76       0x64 ./SSD_program.o
                0x00000e76                SSD_u8Disable
 .text.TIMER_u8SetCompMatch
                0x00000eda       0xc0 ./TIMER_program.o
                0x00000eda                TIMER_u8SetCompMatch
 .text.TIMER_u8SetPreload
                0x00000f9a       0xc0 ./TIMER_program.o
                0x00000f9a                TIMER_u8SetPreload
 .text.TIMER0_u8Init
                0x0000105a      0x19a ./TIMER_program.o
                0x0000105a                TIMER0_u8Init
 .text.TIMER1_u8Init
                0x000011f4      0x592 ./TIMER_program.o
                0x000011f4                TIMER1_u8Init
 .text.TIMER1_voidSetTopValue
                0x00001786       0x24 ./TIMER_program.o
                0x00001786                TIMER1_voidSetTopValue
 .text.TIMER_u8PWMGenerate
                0x000017aa      0x164 ./TIMER_program.o
                0x000017aa                TIMER_u8PWMGenerate
 .text.TIMER2_u8Init
                0x0000190e      0x19a ./TIMER_program.o
                0x0000190e                TIMER2_u8Init
 .text.TIMER2_delay_ms
                0x00001aa8      0x14c ./TIMER_program.o
                0x00001aa8                TIMER2_delay_ms
 .text.TIMER_u8SetCallBack
                0x00001bf4      0x118 ./TIMER_program.o
                0x00001bf4                TIMER_u8SetCallBack
 .text.__vector_4
                0x00001d0c       0x66 ./TIMER_program.o
                0x00001d0c                __vector_4
 .text.__vector_5
                0x00001d72       0x66 ./TIMER_program.o
                0x00001d72                __vector_5
 .text.__vector_6
                0x00001dd8       0x66 ./TIMER_program.o
                0x00001dd8                __vector_6
 .text.__vector_7
                0x00001e3e       0x66 ./TIMER_program.o
                0x00001e3e                __vector_7
 .text.__vector_8
                0x00001ea4       0x66 ./TIMER_program.o
                0x00001ea4                __vector_8
 .text.__vector_9
                0x00001f0a       0x66 ./TIMER_program.o
                0x00001f0a                __vector_9
 .text.__vector_10
                0x00001f70       0x66 ./TIMER_program.o
                0x00001f70                __vector_10
 .text.__vector_11
                0x00001fd6       0x66 ./TIMER_program.o
                0x00001fd6                __vector_11
 .text.main     0x0000203c       0x7c ./main.o
                0x0000203c                main
 .text.PWM      0x000020b8       0x88 ./main.o
                0x000020b8                PWM
 .text.libgcc   0x00002140       0x3e e:/embedded_systems/00_imt_avr_diploma/00-tools/01-imt sdk/imt_sdk_win_64/winavr/bin/../lib/gcc/avr/4.3.3/avr5\libgcc.a(_mulsi3.o)
                0x00002140                __mulsi3
 .text.libgcc   0x0000217e       0x44 e:/embedded_systems/00_imt_avr_diploma/00-tools/01-imt sdk/imt_sdk_win_64/winavr/bin/../lib/gcc/avr/4.3.3/avr5\libgcc.a(_udivmodsi4.o)
                0x0000217e                __udivmodsi4
 .text.libgcc   0x000021c2       0x36 e:/embedded_systems/00_imt_avr_diploma/00-tools/01-imt sdk/imt_sdk_win_64/winavr/bin/../lib/gcc/avr/4.3.3/avr5\libgcc.a(_divmodsi4.o)
                0x000021c2                __divmodsi4
 .text.libgcc   0x000021f8        0x0 e:/embedded_systems/00_imt_avr_diploma/00-tools/01-imt sdk/imt_sdk_win_64/winavr/bin/../lib/gcc/avr/4.3.3/avr5\libgcc.a(_exit.o)
 .text.libgcc   0x000021f8        0x0 e:/embedded_systems/00_imt_avr_diploma/00-tools/01-imt sdk/imt_sdk_win_64/winavr/bin/../lib/gcc/avr/4.3.3/avr5\libgcc.a(_copy_data.o)
 .text.libgcc   0x000021f8        0x0 e:/embedded_systems/00_imt_avr_diploma/00-tools/01-imt sdk/imt_sdk_win_64/winavr/bin/../lib/gcc/avr/4.3.3/avr5\libgcc.a(_clear_bss.o)
                0x000021f8                . = ALIGN (0x2)
 *(.fini9)
 .fini9         0x000021f8        0x0 e:/embedded_systems/00_imt_avr_diploma/00-tools/01-imt sdk/imt_sdk_win_64/winavr/bin/../lib/gcc/avr/4.3.3/avr5\libgcc.a(_exit.o)
                0x000021f8                exit
                0x000021f8                _exit
 *(.fini9)
 *(.fini8)
 *(.fini8)
 *(.fini7)
 *(.fini7)
 *(.fini6)
 *(.fini6)
 *(.fini5)
 *(.fini5)
 *(.fini4)
 *(.fini4)
 *(.fini3)
 *(.fini3)
 *(.fini2)
 *(.fini2)
 *(.fini1)
 *(.fini1)
 *(.fini0)
 .fini0         0x000021f8        0x4 e:/embedded_systems/00_imt_avr_diploma/00-tools/01-imt sdk/imt_sdk_win_64/winavr/bin/../lib/gcc/avr/4.3.3/avr5\libgcc.a(_exit.o)
 *(.fini0)
                0x000021fc                _etext = .

.data           0x00800060       0x14 load address 0x000021fc
                0x00800060                PROVIDE (__data_start, .)
 *(.data)
 .data          0x00800060        0x0 e:/embedded_systems/00_imt_avr_diploma/00-tools/01-imt sdk/imt_sdk_win_64/winavr/bin/../lib/gcc/avr/4.3.3/../../../../avr/lib/avr5/crtm32.o
 .data          0x00800060        0x0 ./ADC_program.o
 .data          0x00800060        0x0 ./DIO_program.o
 .data          0x00800060        0x0 ./GIE_program.o
 .data          0x00800060        0x0 ./MATH_HELPER.o
 .data          0x00800060        0x0 ./PORT_program.o
 .data          0x00800060        0x0 ./PWM_program.o
 .data          0x00800060        0x0 ./SSD_program.o
 .data          0x00800060        0x0 ./TIMER_program.o
 .data          0x00800060        0x0 ./main.o
 .data          0x00800060        0x0 e:/embedded_systems/00_imt_avr_diploma/00-tools/01-imt sdk/imt_sdk_win_64/winavr/bin/../lib/gcc/avr/4.3.3/avr5\libgcc.a(_mulsi3.o)
 .data          0x00800060        0x0 e:/embedded_systems/00_imt_avr_diploma/00-tools/01-imt sdk/imt_sdk_win_64/winavr/bin/../lib/gcc/avr/4.3.3/avr5\libgcc.a(_udivmodsi4.o)
 .data          0x00800060        0x0 e:/embedded_systems/00_imt_avr_diploma/00-tools/01-imt sdk/imt_sdk_win_64/winavr/bin/../lib/gcc/avr/4.3.3/avr5\libgcc.a(_divmodsi4.o)
 .data          0x00800060        0x0 e:/embedded_systems/00_imt_avr_diploma/00-tools/01-imt sdk/imt_sdk_win_64/winavr/bin/../lib/gcc/avr/4.3.3/avr5\libgcc.a(_exit.o)
 .data          0x00800060        0x0 e:/embedded_systems/00_imt_avr_diploma/00-tools/01-imt sdk/imt_sdk_win_64/winavr/bin/../lib/gcc/avr/4.3.3/avr5\libgcc.a(_copy_data.o)
 .data          0x00800060        0x0 e:/embedded_systems/00_imt_avr_diploma/00-tools/01-imt sdk/imt_sdk_win_64/winavr/bin/../lib/gcc/avr/4.3.3/avr5\libgcc.a(_clear_bss.o)
 *(.data*)
 .data.SevenSegArray
                0x00800060        0xa ./SSD_program.o
                0x00800060                SevenSegArray
 *(.rodata)
 *(.rodata*)
 .rodata.C.0.1993
                0x0080006a        0x5 ./TIMER_program.o
 .rodata.C.0.1363
                0x0080006f        0x5 ./main.o
 *(.gnu.linkonce.d*)
                0x00800074                . = ALIGN (0x2)
                0x00800074                _edata = .
                0x00800074                PROVIDE (__data_end, .)

.bss            0x00800074       0x1a
                0x00800074                PROVIDE (__bss_start, .)
 *(.bss)
 .bss           0x00800074        0x0 e:/embedded_systems/00_imt_avr_diploma/00-tools/01-imt sdk/imt_sdk_win_64/winavr/bin/../lib/gcc/avr/4.3.3/../../../../avr/lib/avr5/crtm32.o
 .bss           0x00800074        0x0 ./ADC_program.o
 .bss           0x00800074        0x0 ./DIO_program.o
 .bss           0x00800074        0x0 ./GIE_program.o
 .bss           0x00800074        0x0 ./MATH_HELPER.o
 .bss           0x00800074        0x0 ./PORT_program.o
 .bss           0x00800074        0x0 ./PWM_program.o
 .bss           0x00800074        0x0 ./SSD_program.o
 .bss           0x00800074        0x0 ./TIMER_program.o
 .bss           0x00800074        0x0 ./main.o
 .bss           0x00800074        0x0 e:/embedded_systems/00_imt_avr_diploma/00-tools/01-imt sdk/imt_sdk_win_64/winavr/bin/../lib/gcc/avr/4.3.3/avr5\libgcc.a(_mulsi3.o)
 .bss           0x00800074        0x0 e:/embedded_systems/00_imt_avr_diploma/00-tools/01-imt sdk/imt_sdk_win_64/winavr/bin/../lib/gcc/avr/4.3.3/avr5\libgcc.a(_udivmodsi4.o)
 .bss           0x00800074        0x0 e:/embedded_systems/00_imt_avr_diploma/00-tools/01-imt sdk/imt_sdk_win_64/winavr/bin/../lib/gcc/avr/4.3.3/avr5\libgcc.a(_divmodsi4.o)
 .bss           0x00800074        0x0 e:/embedded_systems/00_imt_avr_diploma/00-tools/01-imt sdk/imt_sdk_win_64/winavr/bin/../lib/gcc/avr/4.3.3/avr5\libgcc.a(_exit.o)
 .bss           0x00800074        0x0 e:/embedded_systems/00_imt_avr_diploma/00-tools/01-imt sdk/imt_sdk_win_64/winavr/bin/../lib/gcc/avr/4.3.3/avr5\libgcc.a(_copy_data.o)
 .bss           0x00800074        0x0 e:/embedded_systems/00_imt_avr_diploma/00-tools/01-imt sdk/imt_sdk_win_64/winavr/bin/../lib/gcc/avr/4.3.3/avr5\libgcc.a(_clear_bss.o)
 *(.bss*)
 .bss.ADC_pu16Reading
                0x00800074        0x2 ./ADC_program.o
 .bss.ADC_pvCallBackNotificationFunc
                0x00800076        0x2 ./ADC_program.o
 .bss.ADC_u8BusyState
                0x00800078        0x1 ./ADC_program.o
 .bss.ADC_psChain
                0x00800079        0x2 ./ADC_program.o
 .bss.ADC_u8ChainIndex
                0x0080007b        0x1 ./ADC_program.o
 .bss.ADC_u8ConversionMode
                0x0080007c        0x1 ./ADC_program.o
 .bss.TIMER0_pvOVFCallBackFunc
                0x0080007d        0x2 ./TIMER_program.o
 .bss.TIMER0_pvCOMPCallBackFunc
                0x0080007f        0x2 ./TIMER_program.o
 .bss.TIMER1_pvOVFCallBackFunc
                0x00800081        0x2 ./TIMER_program.o
 .bss.TIMER1_pvCAPTCallBackFunc
                0x00800083        0x2 ./TIMER_program.o
 .bss.TIMER1A_pvCOMPCallBackFunc
                0x00800085        0x2 ./TIMER_program.o
 .bss.TIMER1B_pvCOMPCallBackFunc
                0x00800087        0x2 ./TIMER_program.o
 .bss.TIMER2_pvOVFCallBackFunc
                0x00800089        0x2 ./TIMER_program.o
 .bss.TIMER2_pvCOMPCallBackFunc
                0x0080008b        0x2 ./TIMER_program.o
 .bss.Local_u8Counter.1367
                0x0080008d        0x1 ./main.o
 *(COMMON)
                0x0080008e                PROVIDE (__bss_end, .)
                0x000021fc                __data_load_start = LOADADDR (.data)
                0x00002210                __data_load_end = (__data_load_start + SIZEOF (.data))

.noinit         0x0080008e        0x0
                0x0080008e                PROVIDE (__noinit_start, .)
 *(.noinit*)
                0x0080008e                PROVIDE (__noinit_end, .)
                0x0080008e                _end = .
                0x0080008e                PROVIDE (__heap_start, .)

.eeprom         0x00810000        0x0
 *(.eeprom*)
                0x00810000                __eeprom_end = .

.fuse
 *(.fuse)
 *(.lfuse)
 *(.hfuse)
 *(.efuse)

.lock
 *(.lock*)

.signature
 *(.signature*)

.stab           0x00000000     0x2bf8
 *(.stab)
 .stab          0x00000000      0x690 ./ADC_program.o
 .stab          0x00000690      0x570 ./DIO_program.o
                                0x5f4 (size before relaxing)
 .stab          0x00000c00      0x144 ./GIE_program.o
                                0x1c8 (size before relaxing)
 .stab          0x00000d44      0x240 ./MATH_HELPER.o
                                0x2c4 (size before relaxing)
 .stab          0x00000f84      0x168 ./PORT_program.o
                                0x1ec (size before relaxing)
 .stab          0x000010ec      0x1bc ./PWM_program.o
                                0x240 (size before relaxing)
 .stab          0x000012a8      0x33c ./SSD_program.o
                                0x3c0 (size before relaxing)
 .stab          0x000015e4     0x11e8 ./TIMER_program.o
                               0x126c (size before relaxing)
 .stab          0x000027cc      0x42c ./main.o
                                0x534 (size before relaxing)

.stabstr        0x00000000     0x141c
 *(.stabstr)
 .stabstr       0x00000000     0x141c ./ADC_program.o

.stab.excl
 *(.stab.excl)

.stab.exclstr
 *(.stab.exclstr)

.stab.index
 *(.stab.index)

.stab.indexstr
 *(.stab.indexstr)

.comment
 *(.comment)

.debug
 *(.debug)

.line
 *(.line)

.debug_srcinfo
 *(.debug_srcinfo)

.debug_sfnames
 *(.debug_sfnames)

.debug_aranges
 *(.debug_aranges)

.debug_pubnames
 *(.debug_pubnames)

.debug_info
 *(.debug_info)
 *(.gnu.linkonce.wi.*)

.debug_abbrev
 *(.debug_abbrev)

.debug_line
 *(.debug_line)

.debug_frame
 *(.debug_frame)

.debug_str
 *(.debug_str)

.debug_loc
 *(.debug_loc)

.debug_macinfo
 *(.debug_macinfo)
OUTPUT(SWPWM.elf elf32-avr)
LOAD linker stubs
